Archive member included to satisfy reference by file (symbol)

/opt/devkitpro/libctru/lib/libctru.a(console.o)
                              main.o (consoleInit)
/opt/devkitpro/libctru/lib/libctru.a(gfx.o)
                              /opt/devkitpro/libctru/lib/libctru.a(console.o) (gfxIsWide)
/opt/devkitpro/libctru/lib/libctru.a(apt.o)
                              main.o (aptMainLoop)
/opt/devkitpro/libctru/lib/libctru.a(csnd.o)
                              main.o (csndInit)
/opt/devkitpro/libctru/lib/libctru.a(gspgpu.o)
                              /opt/devkitpro/libctru/lib/libctru.a(gfx.o) (gspInit)
/opt/devkitpro/libctru/lib/libctru.a(hid.o)
                              main.o (hidScanInput)
/opt/devkitpro/libctru/lib/libctru.a(irrst.o)
                              /opt/devkitpro/libctru/lib/libctru.a(hid.o) (irrstInit)
/opt/devkitpro/libctru/lib/libctru.a(mic.o)
                              main.o (micExit)
/opt/devkitpro/libctru/lib/libctru.a(soc_inet_addr.o)
                              main.o (inet_addr)
/opt/devkitpro/libctru/lib/libctru.a(soc_inet_aton.o)
                              /opt/devkitpro/libctru/lib/libctru.a(soc_inet_addr.o) (inet_aton)
/opt/devkitpro/libctru/lib/libctru.a(soc_init.o)
                              main.o (socInit)
/opt/devkitpro/libctru/lib/libctru.a(soc_recvfrom.o)
                              /opt/devkitpro/libctru/lib/libctru.a(soc_init.o) (soc_recvfrom)
/opt/devkitpro/libctru/lib/libctru.a(soc_sendto.o)
                              /opt/devkitpro/libctru/lib/libctru.a(soc_init.o) (soc_sendto)
/opt/devkitpro/libctru/lib/libctru.a(soc_socket.o)
                              main.o (socket)
/opt/devkitpro/libctru/lib/libctru.a(swkbd.o)
                              main.o (swkbdInit)
/opt/devkitpro/libctru/lib/libctru.a(utf16_to_utf8.o)
                              /opt/devkitpro/libctru/lib/libctru.a(swkbd.o) (utf16_to_utf8)
/opt/devkitpro/libctru/lib/libctru.a(utf8_to_utf16.o)
                              /opt/devkitpro/libctru/lib/libctru.a(swkbd.o) (utf8_to_utf16)
/opt/devkitpro/libctru/lib/libctru.a(ctru_init.o)
                              /opt/devkitpro/libctru/lib/libctru.a(apt.o) (__system_retAddr)
/opt/devkitpro/libctru/lib/libctru.a(initArgv.o)
                              /opt/devkitpro/libctru/lib/libctru.a(ctru_init.o) (__system_initArgv)
/opt/devkitpro/libctru/lib/libctru.a(syscalls.o)
                              /opt/devkitpro/libctru/lib/libctru.a(ctru_init.o) (__system_initSyscalls)
/opt/devkitpro/libctru/lib/libctru.a(svc.o)
                              /opt/devkitpro/libctru/lib/libctru.a(apt.o) (svcSleepThread)
/opt/devkitpro/libctru/lib/libctru.a(stack_adjust.o)
                              /opt/devkitpro/devkitARM/bin/../lib/gcc/arm-none-eabi/15.1.0/../../../../arm-none-eabi/lib/armv6k/fpu/3dsx_crt0.o (initSystem)
/opt/devkitpro/libctru/lib/libctru.a(default_font.bin.o)
                              /opt/devkitpro/libctru/lib/libctru.a(console.o) (default_font_bin)
/opt/devkitpro/libctru/lib/libctru.a(linear.o)
                              /opt/devkitpro/libctru/lib/libctru.a(gfx.o) (linearAlloc)
/opt/devkitpro/libctru/lib/libctru.a(mem_pool.o)
                              /opt/devkitpro/libctru/lib/libctru.a(linear.o) (MemPool::Allocate(MemChunk&, unsigned long, int))
/opt/devkitpro/libctru/lib/libctru.a(vram.o)
                              /opt/devkitpro/libctru/lib/libctru.a(gfx.o) (vramAlloc)
/opt/devkitpro/libctru/lib/libctru.a(3dslink.o)
                              /opt/devkitpro/libctru/lib/libctru.a(initArgv.o) (__3dslink_host)
/opt/devkitpro/libctru/lib/libctru.a(env.o)
                              /opt/devkitpro/libctru/lib/libctru.a(irrst.o) (envGetHandle)
/opt/devkitpro/libctru/lib/libctru.a(os.o)
                              /opt/devkitpro/libctru/lib/libctru.a(csnd.o) (osConvertVirtToPhys)
/opt/devkitpro/libctru/lib/libctru.a(srv.o)
                              /opt/devkitpro/libctru/lib/libctru.a(apt.o) (srvInit)
/opt/devkitpro/libctru/lib/libctru.a(synchronization.o)
                              /opt/devkitpro/libctru/lib/libctru.a(ctru_init.o) (__sync_init)
/opt/devkitpro/libctru/lib/libctru.a(thread.o)
                              /opt/devkitpro/libctru/lib/libctru.a(apt.o) (threadCreate)
/opt/devkitpro/libctru/lib/libctru.a(mappable.o)
                              /opt/devkitpro/libctru/lib/libctru.a(apt.o) (mappableAlloc)
/opt/devkitpro/libctru/lib/libctru.a(ptmsysm.o)
                              /opt/devkitpro/libctru/lib/libctru.a(os.o) (ptmSysmInit)
/opt/devkitpro/libctru/lib/libctru.a(srvpm.o)
                              /opt/devkitpro/libctru/lib/libctru.a(srv.o) (srvPmGetSessionHandle)
/opt/devkitpro/libctru/lib/libctru.a(soc_common.o)
                              /opt/devkitpro/libctru/lib/libctru.a(soc_init.o) (_net_convert_error)
/opt/devkitpro/libctru/lib/libctru.a(soc_connect.o)
                              /opt/devkitpro/libctru/lib/libctru.a(3dslink.o) (connect)
[...]
Memory Configuration

Name             Origin             Length             Attributes
*default*        0x00000000         0xffffffff

Linker script and memory map

                0x00000000                        __sync_synchronize = __sync_synchronize_dmb
                0x00100000                        PROVIDE (__start__ = 0x100000)
                0x00100000                        . = __start__

.text           0x00100000    0x1a028
 *(.crt0)
 .crt0          0x00100000       0x94 /opt/devkitpro/devkitARM/bin/../lib/gcc/arm-none-eabi/15.1.0/../../../../arm-none-eabi/lib/armv6k/fpu/3dsx_crt0.o
                0x00100000                _start
                0x00100008                __service_ptr
                0x0010000c                __apt_appid
                0x00100010                __heap_size
                0x00100014                __linear_heap_size
                0x00100018                __system_arglist
                0x0010001c                __system_runflags
 *(.init)
 .init          0x00100094        0xc /opt/devkitpro/devkitARM/bin/../lib/gcc/arm-none-eabi/15.1.0/armv6k/fpu/crti.o
                0x00100094                _init
 .init          0x001000a0        0xc /opt/devkitpro/devkitARM/bin/../lib/gcc/arm-none-eabi/15.1.0/armv6k/fpu/crtn.o
                0x001000ac                        . = ALIGN (0x4)
 *(.text)
 .text          0x001000ac      0x20c /opt/devkitpro/devkitARM/bin/../lib/gcc/arm-none-eabi/15.1.0/armv6k/fpu/libgcc.a(_udivsi3.o)
                0x001000ac                __udivsi3
                0x001000ac                __aeabi_uidiv
                0x00100298                __aeabi_uidivmod
 .text          0x001002b8      0x240 /opt/devkitpro/devkitARM/bin/../lib/gcc/arm-none-eabi/15.1.0/armv6k/fpu/libgcc.a(_divsi3.o)
                0x001002b8                __aeabi_idiv
                0x001002b8                __divsi3
                0x001004d8                __aeabi_idivmod
 .text          0x001004f8        0x4 /opt/devkitpro/devkitARM/bin/../lib/gcc/arm-none-eabi/15.1.0/armv6k/fpu/libgcc.a(_dvmd_tls.o)
                0x001004f8                __aeabi_ldiv0
                0x001004f8                __aeabi_idiv0
 .text          0x001004fc       0x3c /opt/devkitpro/devkitARM/bin/../lib/gcc/arm-none-eabi/15.1.0/armv6k/fpu/libgcc.a(_aeabi_uldivmod.o)
                0x001004fc                __aeabi_uldivmod
 *fill*         0x00100538        0x8 
 .text          0x00100540      0x390 /opt/devkitpro/devkitARM/bin/../lib/gcc/arm-none-eabi/15.1.0/../../../../arm-none-eabi/lib/armv6k/fpu/libg.a(libc_a-strcmp.o)
                0x00100548                strcmp
 *(.text.*)
 .text.__do_global_dtors_aux
                0x001008d0       0x50 /opt/devkitpro/devkitARM/bin/../lib/gcc/arm-none-eabi/15.1.0/armv6k/fpu/crtbegin.o
 .text.frame_dummy
                0x00100920       0x2c /opt/devkitpro/devkitARM/bin/../lib/gcc/arm-none-eabi/15.1.0/armv6k/fpu/crtbegin.o
 .text.ServerChangeCallback
                0x0010094c       0xf0 main.o
 .text.initSocket
                0x00100a3c       0x38 main.o
                0x00100a3c                initSocket
 .text.startup.main
                0x00100a74      0x430 main.o
                0x00100a74                main
 .text.consoleHandleColorEsc
                0x00100ea4      0x454 /opt/devkitpro/libctru/lib/libctru.a(console.o)
 .text.consoleColorStateShift
                0x001012f8       0xd0 /opt/devkitpro/libctru/lib/libctru.a(console.o)
 .text.consoleDrawChar
                0x001013c8      0x1f8 /opt/devkitpro/libctru/lib/libctru.a(console.o)
                0x001013c8                consoleDrawChar
 .text.consolePrintChar
                0x001015c0      0x160 /opt/devkitpro/libctru/lib/libctru.a(console.o)
                0x001015c0                consolePrintChar
 .text.con_write
                0x00101720      0x640 /opt/devkitpro/libctru/lib/libctru.a(console.o)
                0x00101720                con_write
 .text.newRow   0x00101d60      0x10c /opt/devkitpro/libctru/lib/libctru.a(console.o)
 .text.consoleInit
                0x00101e6c      0x18c /opt/devkitpro/libctru/lib/libctru.a(console.o)
                0x00101e6c                consoleInit
 .text.gfxPresentFramebuffer
                0x00101ff8       0xcc /opt/devkitpro/libctru/lib/libctru.a(gfx.o)
 .text.gfxIsWide
                0x001020c4       0x1c /opt/devkitpro/libctru/lib/libctru.a(gfx.o)
                0x001020c4                gfxIsWide
 .text.gfxSetScreenFormat
                0x001020e0       0xf8 /opt/devkitpro/libctru/lib/libctru.a(gfx.o)
                0x001020e0                gfxSetScreenFormat
 .text.gfxSetDoubleBuffering
                0x001021d8       0x10 /opt/devkitpro/libctru/lib/libctru.a(gfx.o)
                0x001021d8                gfxSetDoubleBuffering
 .text.gfxInit  0x001021e8       0xd8 /opt/devkitpro/libctru/lib/libctru.a(gfx.o)
                0x001021e8                gfxInit
 .text.gfxInitDefault
                0x001022c0       0x10 /opt/devkitpro/libctru/lib/libctru.a(gfx.o)
                0x001022c0                gfxInitDefault
 .text.gfxExit  0x001022d0       0xb8 /opt/devkitpro/libctru/lib/libctru.a(gfx.o)
                0x001022d0                gfxExit
 .text.gfxGetFramebuffer
                0x00102388       0xa0 /opt/devkitpro/libctru/lib/libctru.a(gfx.o)
                0x00102388                gfxGetFramebuffer
 .text.gfxFlushBuffers
                0x00102428      0x100 /opt/devkitpro/libctru/lib/libctru.a(gfx.o)
                0x00102428                gfxFlushBuffers
 .text.gfxSwapBuffers
                0x00102528       0x50 /opt/devkitpro/libctru/lib/libctru.a(gfx.o)
                0x00102528                gfxSwapBuffers
 .text.gfxSwapBuffersGpu
                0x00102578       0x50 /opt/devkitpro/libctru/lib/libctru.a(gfx.o)
                0x00102578                gfxSwapBuffersGpu
 .text.aptConvertScreenForCapture
                0x001025c8      0x180 /opt/devkitpro/libctru/lib/libctru.a(apt.o)
 .text.aptDspSleep
                0x00102748        0x8 /opt/devkitpro/libctru/lib/libctru.a(apt.o)
                0x00102748                aptDspSleep
 .text.aptDspWakeup
                0x00102750        0x4 /opt/devkitpro/libctru/lib/libctru.a(apt.o)
                0x00102750                aptDspWakeup
 .text.aptDspCancel
                0x00102754        0x4 /opt/devkitpro/libctru/lib/libctru.a(apt.o)
                0x00102754                aptDspCancel
 .text.aptSendCommand
                0x00102758      0x138 /opt/devkitpro/libctru/lib/libctru.a(apt.o)
                0x00102758                aptSendCommand
 .text.aptExitProcess
                0x00102890       0x44 /opt/devkitpro/libctru/lib/libctru.a(apt.o)
 .text.aptExit  0x001028d4      0x394 /opt/devkitpro/libctru/lib/libctru.a(apt.o)
                0x001028d4                aptExit
 .text.aptHandleSleep
                0x00102c68       0xd8 /opt/devkitpro/libctru/lib/libctru.a(apt.o)
                0x00102c68                aptHandleSleep
 .text.aptSetMessageCallback
                0x00102d40       0x1c /opt/devkitpro/libctru/lib/libctru.a(apt.o)
                0x00102d40                aptSetMessageCallback
 .text.APT_SleepIfShellClosed
                0x00102d5c       0x84 /opt/devkitpro/libctru/lib/libctru.a(apt.o)
                0x00102d5c                APT_SleepIfShellClosed
 .text.aptSetSleepAllowed
                0x00102de0       0x78 /opt/devkitpro/libctru/lib/libctru.a(apt.o)
                0x00102de0                aptSetSleepAllowed
 .text.APT_UnlockTransition
                0x00102e58       0x84 /opt/devkitpro/libctru/lib/libctru.a(apt.o)
                0x00102e58                APT_UnlockTransition
 *fill*         0x00102edc        0x4 
 .text.aptEventHandler
                0x00102ee0      0x470 /opt/devkitpro/libctru/lib/libctru.a(apt.o)
 .text.APT_ReceiveParameter
                0x00103350       0xbc /opt/devkitpro/libctru/lib/libctru.a(apt.o)
                0x00103350                APT_ReceiveParameter
 .text.aptReceiveParameter.constprop.0
                0x0010340c       0xb0 /opt/devkitpro/libctru/lib/libctru.a(apt.o)
 *fill*         0x001034bc        0x4 
 .text.aptScreenTransfer
                0x001034c0      0x294 /opt/devkitpro/libctru/lib/libctru.a(apt.o)
 .text.aptWaitForWakeUp.isra.0
                0x00103754      0x2d0 /opt/devkitpro/libctru/lib/libctru.a(apt.o)
 .text.aptLaunchLibraryApplet
                0x00103a24      0x114 /opt/devkitpro/libctru/lib/libctru.a(apt.o)
                0x00103a24                aptLaunchLibraryApplet
 .text.aptJumpToHomeMenu
                0x00103b38       0xf4 /opt/devkitpro/libctru/lib/libctru.a(apt.o)
                0x00103b38                aptJumpToHomeMenu
 .text.aptMainLoop
                0x00103c2c       0x58 /opt/devkitpro/libctru/lib/libctru.a(apt.o)
                0x00103c2c                aptMainLoop
 .text.aptInit  0x00103c84      0x240 /opt/devkitpro/libctru/lib/libctru.a(apt.o)
                0x00103c84                aptInit
 .text.APT_SendParameter
                0x00103ec4       0x5c /opt/devkitpro/libctru/lib/libctru.a(apt.o)
                0x00103ec4                APT_SendParameter
 .text.APT_CheckNew3DS
                0x00103f20       0x90 /opt/devkitpro/libctru/lib/libctru.a(apt.o)
                0x00103f20                APT_CheckNew3DS
 .text.csndInit
                0x00103fb0      0x1fc /opt/devkitpro/libctru/lib/libctru.a(csnd.o)
                0x00103fb0                csndInit
 .text.csndExit
                0x001041ac       0xbc /opt/devkitpro/libctru/lib/libctru.a(csnd.o)
                0x001041ac                csndExit
 .text.gspHardwareInit
                0x00104268      0xc70 /opt/devkitpro/libctru/lib/libctru.a(gspgpu.o)
 .text.gspInit  0x00104ed8      0x280 /opt/devkitpro/libctru/lib/libctru.a(gspgpu.o)
                0x00104ed8                gspInit
 .text.gspExit  0x00105158      0x110 /opt/devkitpro/libctru/lib/libctru.a(gspgpu.o)
                0x00105158                gspExit
 .text.gspHasGpuRight
                0x00105268       0x10 /opt/devkitpro/libctru/lib/libctru.a(gspgpu.o)
                0x00105268                gspHasGpuRight
 .text.gspPresentBuffer
                0x00105278       0xa4 /opt/devkitpro/libctru/lib/libctru.a(gspgpu.o)
                0x00105278                gspPresentBuffer
 .text.gspWaitForEvent
                0x0010531c       0x50 /opt/devkitpro/libctru/lib/libctru.a(gspgpu.o)
                0x0010531c                gspWaitForEvent
 .text.gxCmdQueueInterrupt
                0x0010536c        0x4 /opt/devkitpro/libctru/lib/libctru.a(gspgpu.o)
                0x0010536c                gxCmdQueueInterrupt
 .text.gspEventThreadMain
                0x00105370      0x154 /opt/devkitpro/libctru/lib/libctru.a(gspgpu.o)
 .text.GSPGPU_FlushDataCache
                0x001054c4       0x50 /opt/devkitpro/libctru/lib/libctru.a(gspgpu.o)
                0x001054c4                GSPGPU_FlushDataCache
 .text.GSPGPU_SetLcdForceBlack
                0x00105514       0x34 /opt/devkitpro/libctru/lib/libctru.a(gspgpu.o)
                0x00105514                GSPGPU_SetLcdForceBlack
 .text.GSPGPU_AcquireRight
                0x00105548       0x80 /opt/devkitpro/libctru/lib/libctru.a(gspgpu.o)
                0x00105548                GSPGPU_AcquireRight
 .text.GSPGPU_ReleaseRight
                0x001055c8       0x5c /opt/devkitpro/libctru/lib/libctru.a(gspgpu.o)
                0x001055c8                GSPGPU_ReleaseRight
 .text.GSPGPU_ImportDisplayCaptureInfo
                0x00105624       0x7c /opt/devkitpro/libctru/lib/libctru.a(gspgpu.o)
                0x00105624                GSPGPU_ImportDisplayCaptureInfo
 .text.GSPGPU_SaveVramSysArea
                0x001056a0       0x2c /opt/devkitpro/libctru/lib/libctru.a(gspgpu.o)
                0x001056a0                GSPGPU_SaveVramSysArea
 .text.GSPGPU_RestoreVramSysArea
                0x001056cc       0x2c /opt/devkitpro/libctru/lib/libctru.a(gspgpu.o)
                0x001056cc                GSPGPU_RestoreVramSysArea
 .text.hidShouldUseIrrst
                0x001056f8       0x24 /opt/devkitpro/libctru/lib/libctru.a(hid.o)
                0x001056f8                hidShouldUseIrrst
 .text.hidInit  0x0010571c      0x1cc /opt/devkitpro/libctru/lib/libctru.a(hid.o)
                0x0010571c                hidInit
 .text.hidExit  0x001058e8       0xe8 /opt/devkitpro/libctru/lib/libctru.a(hid.o)
                0x001058e8                hidExit
 .text.hidScanInput
                0x001059d0      0x2a0 /opt/devkitpro/libctru/lib/libctru.a(hid.o)
                0x001059d0                hidScanInput
 .text.hidKeysHeld
                0x00105c70       0x10 /opt/devkitpro/libctru/lib/libctru.a(hid.o)
                0x00105c70                hidKeysHeld
 .text.hidKeysDown
                0x00105c80       0x10 /opt/devkitpro/libctru/lib/libctru.a(hid.o)
                0x00105c80                hidKeysDown
 .text.hidKeysUp
                0x00105c90       0x10 /opt/devkitpro/libctru/lib/libctru.a(hid.o)
                0x00105c90                hidKeysUp
 .text.irrstInit
                0x00105ca0      0x1a4 /opt/devkitpro/libctru/lib/libctru.a(irrst.o)
                0x00105ca0                irrstInit
 .text.irrstExit
                0x00105e44       0xdc /opt/devkitpro/libctru/lib/libctru.a(irrst.o)
                0x00105e44                irrstExit
 .text.irrstScanInput
                0x00105f20       0xb4 /opt/devkitpro/libctru/lib/libctru.a(irrst.o)
                0x00105f20                irrstScanInput
 .text.irrstKeysHeld
                0x00105fd4       0x24 /opt/devkitpro/libctru/lib/libctru.a(irrst.o)
                0x00105fd4                irrstKeysHeld
 .text.micExit  0x00105ff8      0x104 /opt/devkitpro/libctru/lib/libctru.a(mic.o)
                0x00105ff8                micExit
 .text.micInit  0x001060fc      0x138 /opt/devkitpro/libctru/lib/libctru.a(mic.o)
                0x001060fc                micInit
 .text.micGetSampleDataSize
                0x00106234       0x14 /opt/devkitpro/libctru/lib/libctru.a(mic.o)
                0x00106234                micGetSampleDataSize
 .text.micGetLastSampleOffset
                0x00106248       0x28 /opt/devkitpro/libctru/lib/libctru.a(mic.o)
                0x00106248                micGetLastSampleOffset
 .text.MICU_StartSampling
                0x00106270       0x48 /opt/devkitpro/libctru/lib/libctru.a(mic.o)
                0x00106270                MICU_StartSampling
 .text.MICU_StopSampling
                0x001062b8       0x2c /opt/devkitpro/libctru/lib/libctru.a(mic.o)
                0x001062b8                MICU_StopSampling
 .text.inet_addr
                0x001062e4       0x24 /opt/devkitpro/libctru/lib/libctru.a(soc_inet_addr.o)
                0x001062e4                inet_addr
 .text.inet_aton
                0x00106308      0x1a8 /opt/devkitpro/libctru/lib/libctru.a(soc_inet_aton.o)
                0x00106308                inet_aton
 .text.soc_open
                0x001064b0       0x14 /opt/devkitpro/libctru/lib/libctru.a(soc_init.o)
 .text.soc_read
                0x001064c4       0x34 /opt/devkitpro/libctru/lib/libctru.a(soc_init.o)
 .text.soc_write
                0x001064f8       0x34 /opt/devkitpro/libctru/lib/libctru.a(soc_init.o)
 .text.soc_close
                0x0010652c       0xb0 /opt/devkitpro/libctru/lib/libctru.a(soc_init.o)
 .text.socInit  0x001065dc      0x190 /opt/devkitpro/libctru/lib/libctru.a(soc_init.o)
                0x001065dc                socInit
 .text.socExit  0x0010676c       0x88 /opt/devkitpro/libctru/lib/libctru.a(soc_init.o)
                0x0010676c                socExit
 .text.socuipc_cmd7
                0x001067f4      0x148 /opt/devkitpro/libctru/lib/libctru.a(soc_recvfrom.o)
                0x001067f4                socuipc_cmd7
 .text.socuipc_cmd8
                0x0010693c      0x168 /opt/devkitpro/libctru/lib/libctru.a(soc_recvfrom.o)
                0x0010693c                socuipc_cmd8
 .text.soc_recvfrom
                0x00106aa4       0x10 /opt/devkitpro/libctru/lib/libctru.a(soc_recvfrom.o)
                0x00106aa4                soc_recvfrom
 .text.socuipc_cmd9
                0x00106ab4      0x15c /opt/devkitpro/libctru/lib/libctru.a(soc_sendto.o)
                0x00106ab4                socuipc_cmd9
 .text.socuipc_cmda
                0x00106c10      0x160 /opt/devkitpro/libctru/lib/libctru.a(soc_sendto.o)
                0x00106c10                socuipc_cmda
 .text.soc_sendto
                0x00106d70       0x10 /opt/devkitpro/libctru/lib/libctru.a(soc_sendto.o)
                0x00106d70                soc_sendto
 .text.sendto   0x00106d80       0xa4 /opt/devkitpro/libctru/lib/libctru.a(soc_sendto.o)
                0x00106d80                sendto
 .text.socket   0x00106e24      0x16c /opt/devkitpro/libctru/lib/libctru.a(soc_socket.o)
                0x00106e24                socket
 .text.swkbdMessageCallback
                0x00106f90      0x190 /opt/devkitpro/libctru/lib/libctru.a(swkbd.o)
 .text.swkbdInit
                0x00107120       0x84 /opt/devkitpro/libctru/lib/libctru.a(swkbd.o)
                0x00107120                swkbdInit
 .text.swkbdSetFeatures
                0x001071a4       0x40 /opt/devkitpro/libctru/lib/libctru.a(swkbd.o)
                0x001071a4                swkbdSetFeatures
 .text.swkbdSetHintText
                0x001071e4       0x64 /opt/devkitpro/libctru/lib/libctru.a(swkbd.o)
                0x001071e4                swkbdSetHintText
 .text.swkbdSetButton
                0x00107248       0x88 /opt/devkitpro/libctru/lib/libctru.a(swkbd.o)
                0x00107248                swkbdSetButton
 .text.swkbdSetInitialText
                0x001072d0        0x8 /opt/devkitpro/libctru/lib/libctru.a(swkbd.o)
                0x001072d0                swkbdSetInitialText
 .text.swkbdSetStatusData
                0x001072d8       0x30 /opt/devkitpro/libctru/lib/libctru.a(swkbd.o)
                0x001072d8                swkbdSetStatusData
 .text.swkbdSetLearningData
                0x00107308       0x30 /opt/devkitpro/libctru/lib/libctru.a(swkbd.o)
                0x00107308                swkbdSetLearningData
 .text.swkbdSetFilterCallback
                0x00107338       0x14 /opt/devkitpro/libctru/lib/libctru.a(swkbd.o)
                0x00107338                swkbdSetFilterCallback
 .text.swkbdInputText
                0x0010734c      0x3a8 /opt/devkitpro/libctru/lib/libctru.a(swkbd.o)
                0x0010734c                swkbdInputText
 .text.utf16_to_utf8
                0x001076f4       0xe8 /opt/devkitpro/libctru/lib/libctru.a(utf16_to_utf8.o)
                0x001076f4                utf16_to_utf8
 .text.utf8_to_utf16
                0x001077dc       0xc0 /opt/devkitpro/libctru/lib/libctru.a(utf8_to_utf16.o)
                0x001077dc                utf8_to_utf16
 .text.__libctru_init
                0x0010789c       0x38 /opt/devkitpro/libctru/lib/libctru.a(ctru_init.o)
                0x0010789c                __libctru_init
 .text.__system_initArgv
                0x001078d4      0x16c /opt/devkitpro/libctru/lib/libctru.a(initArgv.o)
                0x001078d4                __system_initArgv
 .text.__syscall_getreent
                0x00107a40       0x30 /opt/devkitpro/libctru/lib/libctru.a(syscalls.o)
                0x00107a40                __syscall_getreent
 .text.__syscall_lock_acquire
                0x00107a70        0x4 /opt/devkitpro/libctru/lib/libctru.a(syscalls.o)
                0x00107a70                __syscall_lock_acquire
 .text.__syscall_lock_release
                0x00107a74        0x4 /opt/devkitpro/libctru/lib/libctru.a(syscalls.o)
                0x00107a74                __syscall_lock_release
 .text.__syscall_lock_acquire_recursive
                0x00107a78        0x4 /opt/devkitpro/libctru/lib/libctru.a(syscalls.o)
                0x00107a78                __syscall_lock_acquire_recursive
 .text.__syscall_lock_release_recursive
                0x00107a7c        0x4 /opt/devkitpro/libctru/lib/libctru.a(syscalls.o)
                0x00107a7c                __syscall_lock_release_recursive
 .text.__syscall_exit
                0x00107a80        0x4 /opt/devkitpro/libctru/lib/libctru.a(syscalls.o)
                0x00107a80                __syscall_exit
 .text.initThreadVars
                0x00107a84       0x54 /opt/devkitpro/libctru/lib/libctru.a(syscalls.o)
                0x00107a84                initThreadVars
 .text.__system_initSyscalls
                0x00107ad8       0x80 /opt/devkitpro/libctru/lib/libctru.a(syscalls.o)
                0x00107ad8                __system_initSyscalls
 .text.svcControlMemory
                0x00107b58       0x20 /opt/devkitpro/libctru/lib/libctru.a(svc.o)
                0x00107b58                svcControlMemory
 .text.svcQueryMemory
                0x00107b78       0x30 /opt/devkitpro/libctru/lib/libctru.a(svc.o)
                0x00107b78                svcQueryMemory
 .text.svcExitProcess
                0x00107ba8        0x8 /opt/devkitpro/libctru/lib/libctru.a(svc.o)
                0x00107ba8                svcExitProcess
 .text.svcCreateThread
                0x00107bb0       0x20 /opt/devkitpro/libctru/lib/libctru.a(svc.o)
                0x00107bb0                svcCreateThread
 .text.svcExitThread
                0x00107bd0        0x8 /opt/devkitpro/libctru/lib/libctru.a(svc.o)
                0x00107bd0                svcExitThread
 .text.svcSleepThread
                0x00107bd8        0x8 /opt/devkitpro/libctru/lib/libctru.a(svc.o)
                0x00107bd8                svcSleepThread
 .text.svcReleaseMutex
                0x00107be0        0x8 /opt/devkitpro/libctru/lib/libctru.a(svc.o)
                0x00107be0                svcReleaseMutex
 .text.svcCreateEvent
                0x00107be8       0x14 /opt/devkitpro/libctru/lib/libctru.a(svc.o)
                0x00107be8                svcCreateEvent
 .text.svcSignalEvent
                0x00107bfc        0x8 /opt/devkitpro/libctru/lib/libctru.a(svc.o)
                0x00107bfc                svcSignalEvent
 .text.svcClearEvent
                0x00107c04        0x8 /opt/devkitpro/libctru/lib/libctru.a(svc.o)
                0x00107c04                svcClearEvent
 .text.svcCreateMemoryBlock
                0x00107c0c       0x18 /opt/devkitpro/libctru/lib/libctru.a(svc.o)
                0x00107c0c                svcCreateMemoryBlock
 .text.svcMapMemoryBlock
                0x00107c24        0x8 /opt/devkitpro/libctru/lib/libctru.a(svc.o)
                0x00107c24                svcMapMemoryBlock
 .text.svcUnmapMemoryBlock
                0x00107c2c        0x8 /opt/devkitpro/libctru/lib/libctru.a(svc.o)
                0x00107c2c                svcUnmapMemoryBlock
 .text.svcCreateAddressArbiter
                0x00107c34       0x14 /opt/devkitpro/libctru/lib/libctru.a(svc.o)
                0x00107c34                svcCreateAddressArbiter
 .text.svcArbitrateAddressNoTimeout
                0x00107c48        0x8 /opt/devkitpro/libctru/lib/libctru.a(svc.o)
                0x00107c48                svcArbitrateAddressNoTimeout
 .text.svcCloseHandle
                0x00107c50        0x8 /opt/devkitpro/libctru/lib/libctru.a(svc.o)
                0x00107c50                svcCloseHandle
 .text.svcWaitSynchronization
                0x00107c58        0x8 /opt/devkitpro/libctru/lib/libctru.a(svc.o)
                0x00107c58                svcWaitSynchronization
 .text.svcWaitSynchronizationN
                0x00107c60       0x28 /opt/devkitpro/libctru/lib/libctru.a(svc.o)
                0x00107c60                svcWaitSynchronizationN
 .text.svcDuplicateHandle
                0x00107c88       0x14 /opt/devkitpro/libctru/lib/libctru.a(svc.o)
                0x00107c88                svcDuplicateHandle
 .text.svcConnectToPort
                0x00107c9c       0x14 /opt/devkitpro/libctru/lib/libctru.a(svc.o)
                0x00107c9c                svcConnectToPort
 .text.svcSendSyncRequest
                0x00107cb0        0x8 /opt/devkitpro/libctru/lib/libctru.a(svc.o)
                0x00107cb0                svcSendSyncRequest
 .text.svcGetResourceLimit
                0x00107cb8       0x14 /opt/devkitpro/libctru/lib/libctru.a(svc.o)
                0x00107cb8                svcGetResourceLimit
 .text.svcGetResourceLimitLimitValues
                0x00107ccc        0x8 /opt/devkitpro/libctru/lib/libctru.a(svc.o)
                0x00107ccc                svcGetResourceLimitLimitValues
 .text.svcGetResourceLimitCurrentValues
                0x00107cd4        0x8 /opt/devkitpro/libctru/lib/libctru.a(svc.o)
                0x00107cd4                svcGetResourceLimitCurrentValues
 .text.svcBreak
                0x00107cdc        0x8 /opt/devkitpro/libctru/lib/libctru.a(svc.o)
                0x00107cdc                svcBreak
 .text.initSystem
                0x00107ce4       0x50 /opt/devkitpro/libctru/lib/libctru.a(stack_adjust.o)
                0x00107ce4                initSystem
 .text.__ctru_exit
                0x00107d34       0x14 /opt/devkitpro/libctru/lib/libctru.a(stack_adjust.o)
                0x00107d34                __ctru_exit
 .text._ZL21addrMapNodeComparatorPK11rbtree_nodeS1_
                0x00107d48       0x24 /opt/devkitpro/libctru/lib/libctru.a(linear.o)
 .text._ZL21addrMapNodeDestructorP11rbtree_node
                0x00107d6c        0x4 /opt/devkitpro/libctru/lib/libctru.a(linear.o)
 .text.linearMemAlign
                0x00107d70      0x12c /opt/devkitpro/libctru/lib/libctru.a(linear.o)
                0x00107d70                linearMemAlign
 .text.linearAlloc
                0x00107e9c        0x8 /opt/devkitpro/libctru/lib/libctru.a(linear.o)
                0x00107e9c                linearAlloc
 .text.linearFree
                0x00107ea4       0x5c /opt/devkitpro/libctru/lib/libctru.a(linear.o)
                0x00107ea4                linearFree
 .text._ZN7MemPool13CoalesceRightEP8MemBlock
                0x00107f00       0x88 /opt/devkitpro/libctru/lib/libctru.a(mem_pool.o)
                0x00107f00                MemPool::CoalesceRight(MemBlock*)
 .text._ZN7MemPool8AllocateER8MemChunkmi
                0x00107f88      0x178 /opt/devkitpro/libctru/lib/libctru.a(mem_pool.o)
                0x00107f88                MemPool::Allocate(MemChunk&, unsigned long, int)
 .text._ZN7MemPool10DeallocateERK8MemChunk
                0x00108100      0x118 /opt/devkitpro/libctru/lib/libctru.a(mem_pool.o)
                0x00108100                MemPool::Deallocate(MemChunk const&)
 .text._ZN7MemPool12GetFreeSpaceEv
                0x00108218       0x30 /opt/devkitpro/libctru/lib/libctru.a(mem_pool.o)
                0x00108218                MemPool::GetFreeSpace()
 .text._ZL21addrMapNodeComparatorPK11rbtree_nodeS1_
                0x00108248       0x24 /opt/devkitpro/libctru/lib/libctru.a(vram.o)
 .text._ZL21addrMapNodeDestructorP11rbtree_node
                0x0010826c        0x4 /opt/devkitpro/libctru/lib/libctru.a(vram.o)
 .text.vramMemAlignAt
                0x00108270      0x248 /opt/devkitpro/libctru/lib/libctru.a(vram.o)
                0x00108270                vramMemAlignAt
 .text.vramAlloc
                0x001084b8        0xc /opt/devkitpro/libctru/lib/libctru.a(vram.o)
                0x001084b8                vramAlloc
 .text.vramFree
                0x001084c4       0x94 /opt/devkitpro/libctru/lib/libctru.a(vram.o)
                0x001084c4                vramFree
 .text.envGetHandle
                0x00108558       0x8c /opt/devkitpro/libctru/lib/libctru.a(env.o)
                0x00108558                envGetHandle
 .text.envDestroyHandles
                0x001085e4       0x50 /opt/devkitpro/libctru/lib/libctru.a(env.o)
                0x001085e4                envDestroyHandles
 .text.__ctru_speedup_config
                0x00108634       0x34 /opt/devkitpro/libctru/lib/libctru.a(os.o)
                0x00108634                __ctru_speedup_config
 .text.srvInit  0x00108668      0x164 /opt/devkitpro/libctru/lib/libctru.a(srv.o)
                0x00108668                srvInit
 .text.srvExit  0x001087cc       0x64 /opt/devkitpro/libctru/lib/libctru.a(srv.o)
                0x001087cc                srvExit
 .text.srvEnableNotification
                0x00108830       0x60 /opt/devkitpro/libctru/lib/libctru.a(srv.o)
                0x00108830                srvEnableNotification
 .text.srvGetServiceHandleDirect
                0x00108890       0xa0 /opt/devkitpro/libctru/lib/libctru.a(srv.o)
                0x00108890                srvGetServiceHandleDirect
 .text.srvGetServiceHandle
                0x00108930       0x48 /opt/devkitpro/libctru/lib/libctru.a(srv.o)
                0x00108930                srvGetServiceHandle
 .text.srvSubscribe
                0x00108978       0x34 /opt/devkitpro/libctru/lib/libctru.a(srv.o)
                0x00108978                srvSubscribe
 .text.srvReceiveNotification
                0x001089ac       0x60 /opt/devkitpro/libctru/lib/libctru.a(srv.o)
                0x001089ac                srvReceiveNotification
 .text.srvPublishToSubscriber
                0x00108a0c       0x38 /opt/devkitpro/libctru/lib/libctru.a(srv.o)
                0x00108a0c                srvPublishToSubscriber
 .text.__sync_init
                0x00108a44        0xc /opt/devkitpro/libctru/lib/libctru.a(synchronization.o)
                0x00108a44                __sync_init
 .text.__sync_fini
                0x00108a50       0x18 /opt/devkitpro/libctru/lib/libctru.a(synchronization.o)
                0x00108a50                __sync_fini
 .text.syncArbitrateAddress
                0x00108a68       0x28 /opt/devkitpro/libctru/lib/libctru.a(synchronization.o)
                0x00108a68                syncArbitrateAddress
 .text.LightLock_Lock
                0x00108a90       0xac /opt/devkitpro/libctru/lib/libctru.a(synchronization.o)
                0x00108a90                LightLock_Lock
 .text.LightLock_Unlock
                0x00108b3c       0x40 /opt/devkitpro/libctru/lib/libctru.a(synchronization.o)
                0x00108b3c                LightLock_Unlock
 .text.RecursiveLock_Lock
                0x00108b7c       0x54 /opt/devkitpro/libctru/lib/libctru.a(synchronization.o)
                0x00108b7c                RecursiveLock_Lock
 .text.RecursiveLock_Unlock
                0x00108bd0       0x54 /opt/devkitpro/libctru/lib/libctru.a(synchronization.o)
                0x00108bd0                RecursiveLock_Unlock
 .text.LightEvent_Init
                0x00108c24       0x44 /opt/devkitpro/libctru/lib/libctru.a(synchronization.o)
                0x00108c24                LightEvent_Init
 .text.LightEvent_Clear
                0x00108c68       0xb8 /opt/devkitpro/libctru/lib/libctru.a(synchronization.o)
                0x00108c68                LightEvent_Clear
 .text.LightEvent_Signal
                0x00108d20       0xdc /opt/devkitpro/libctru/lib/libctru.a(synchronization.o)
                0x00108d20                LightEvent_Signal
 .text.LightEvent_TryWait
                0x00108dfc       0x50 /opt/devkitpro/libctru/lib/libctru.a(synchronization.o)
                0x00108dfc                LightEvent_TryWait
 .text.LightEvent_Wait
                0x00108e4c       0xac /opt/devkitpro/libctru/lib/libctru.a(synchronization.o)
                0x00108e4c                LightEvent_Wait
 .text.threadCreate
                0x00108ef8      0x1fc /opt/devkitpro/libctru/lib/libctru.a(thread.o)
                0x00108ef8                threadCreate
 .text.threadFree
                0x001090f4       0x38 /opt/devkitpro/libctru/lib/libctru.a(thread.o)
                0x001090f4                threadFree
 .text.threadJoin
                0x0010912c       0x24 /opt/devkitpro/libctru/lib/libctru.a(thread.o)
                0x0010912c                threadJoin
 .text.threadGetCurrent
                0x00109150       0x30 /opt/devkitpro/libctru/lib/libctru.a(thread.o)
                0x00109150                threadGetCurrent
 .text.threadExit
                0x00109180       0x40 /opt/devkitpro/libctru/lib/libctru.a(thread.o)
                0x00109180                threadExit
 .text._thread_begin
                0x001091c0       0x20 /opt/devkitpro/libctru/lib/libctru.a(thread.o)
 .text.mappableFindAddressWithin
                0x001091e0       0x90 /opt/devkitpro/libctru/lib/libctru.a(mappable.o)
 .text.mappableInit
                0x00109270       0x28 /opt/devkitpro/libctru/lib/libctru.a(mappable.o)
                0x00109270                mappableInit
 .text.mappableAlloc
                0x00109298       0x7c /opt/devkitpro/libctru/lib/libctru.a(mappable.o)
                0x00109298                mappableAlloc
 .text.mappableFree
                0x00109314        0x4 /opt/devkitpro/libctru/lib/libctru.a(mappable.o)
                0x00109314                mappableFree
 .text.ptmSysmInit
                0x00109318       0x78 /opt/devkitpro/libctru/lib/libctru.a(ptmsysm.o)
                0x00109318                ptmSysmInit
 .text.ptmSysmExit
                0x00109390       0x3c /opt/devkitpro/libctru/lib/libctru.a(ptmsysm.o)
                0x00109390                ptmSysmExit
 .text.PTMSYSM_ConfigureNew3DSCPU
                0x001093cc       0x34 /opt/devkitpro/libctru/lib/libctru.a(ptmsysm.o)
                0x001093cc                PTMSYSM_ConfigureNew3DSCPU
 .text.srvPmGetSessionHandle
                0x00109400        0xc /opt/devkitpro/libctru/lib/libctru.a(srvpm.o)
                0x00109400                srvPmGetSessionHandle
 .text._net_convert_error
                0x0010940c       0x3c /opt/devkitpro/libctru/lib/libctru.a(soc_common.o)
                0x0010940c                _net_convert_error
 .text.rbtree_find
                0x00109448       0x74 /opt/devkitpro/libctru/lib/libctru.a(rbtree_find.o)
                0x00109448                rbtree_find
 .text.rbtree_init
                0x001094bc       0x10 /opt/devkitpro/libctru/lib/libctru.a(rbtree_init.o)
                0x001094bc                rbtree_init
 .text.do_insert
                0x001094cc      0x198 /opt/devkitpro/libctru/lib/libctru.a(rbtree_insert.o)
 .text.rbtree_insert
                0x00109664        0x8 /opt/devkitpro/libctru/lib/libctru.a(rbtree_insert.o)
                0x00109664                rbtree_insert
 .text.rbtree_remove
                0x0010966c      0x310 /opt/devkitpro/libctru/lib/libctru.a(rbtree_remove.o)
                0x0010966c                rbtree_remove
 .text.rbtree_rotate
                0x0010997c       0x90 /opt/devkitpro/libctru/lib/libctru.a(rbtree_rotate.o)
                0x0010997c                rbtree_rotate
 .text.decode_utf16
                0x00109a0c       0x54 /opt/devkitpro/libctru/lib/libctru.a(decode_utf16.o)
                0x00109a0c                decode_utf16
 .text.decode_utf8
                0x00109a60      0x140 /opt/devkitpro/libctru/lib/libctru.a(decode_utf8.o)
                0x00109a60                decode_utf8
 .text.encode_utf16
                0x00109ba0       0x54 /opt/devkitpro/libctru/lib/libctru.a(encode_utf16.o)
                0x00109ba0                encode_utf16
 .text.encode_utf8
                0x00109bf4       0xe0 /opt/devkitpro/libctru/lib/libctru.a(encode_utf8.o)
                0x00109bf4                encode_utf8
 *fill*         0x00109cd4        0x4 
 .text.__system_allocateHeaps
                0x00109cd8      0x1e8 /opt/devkitpro/libctru/lib/libctru.a(allocateHeaps.o)
                0x00109cd8                __system_allocateHeaps
 .text.__appExit
                0x00109ec0       0x30 /opt/devkitpro/libctru/lib/libctru.a(appExit.o)
                0x00109ec0                __appExit
 .text.__appInit
                0x00109ef0       0x30 /opt/devkitpro/libctru/lib/libctru.a(appInit.o)
                0x00109ef0                __appInit
 .text.__libctru_exit
                0x00109f20       0x90 /opt/devkitpro/libctru/lib/libctru.a(ctru_exit.o)
                0x00109f20                __libctru_exit
 .text.archive_link
                0x00109fb0       0x14 /opt/devkitpro/libctru/lib/libctru.a(archive_dev.o)
 .text.archive_dirreset
                0x00109fc4       0x14 /opt/devkitpro/libctru/lib/libctru.a(archive_dev.o)
 .text.archive_chmod
                0x00109fd8       0x14 /opt/devkitpro/libctru/lib/libctru.a(archive_dev.o)
 .text.error_cmp
                0x00109fec       0x24 /opt/devkitpro/libctru/lib/libctru.a(archive_dev.o)
 .text.archive_translate_error
                0x0010a010       0x50 /opt/devkitpro/libctru/lib/libctru.a(archive_dev.o)
 .text.archive_seek
                0x0010a060       0xc0 /opt/devkitpro/libctru/lib/libctru.a(archive_dev.o)
 .text._archiveInit.part.0
                0x0010a120       0x78 /opt/devkitpro/libctru/lib/libctru.a(archive_dev.o)
 .text.archiveFindDevice.part.0
                0x0010a198       0xd4 /opt/devkitpro/libctru/lib/libctru.a(archive_dev.o)
 .text.archive_utf16path
                0x0010a26c      0x298 /opt/devkitpro/libctru/lib/libctru.a(archive_dev.o)
 .text._archiveUnmountDeviceStruct.part.0
                0x0010a504       0x98 /opt/devkitpro/libctru/lib/libctru.a(archive_dev.o)
 .text.archive_statvfs
                0x0010a59c       0x14 /opt/devkitpro/libctru/lib/libctru.a(archive_dev.o)
 .text.archive_fchmod
                0x0010a5b0       0x14 /opt/devkitpro/libctru/lib/libctru.a(archive_dev.o)
 .text._archiveMountDevice
                0x0010a5c4      0x178 /opt/devkitpro/libctru/lib/libctru.a(archive_dev.o)
 .text.archive_diropen
                0x0010a73c       0xf8 /opt/devkitpro/libctru/lib/libctru.a(archive_dev.o)
 .text.archive_fstat
                0x0010a834       0xac /opt/devkitpro/libctru/lib/libctru.a(archive_dev.o)
 .text.archive_fsync
                0x0010a8e0       0x74 /opt/devkitpro/libctru/lib/libctru.a(archive_dev.o)
 .text.archive_close
                0x0010a954       0x74 /opt/devkitpro/libctru/lib/libctru.a(archive_dev.o)
 .text.archive_dirclose
                0x0010a9c8       0x78 /opt/devkitpro/libctru/lib/libctru.a(archive_dev.o)
 .text.sdmc_statvfs
                0x0010aa40       0xec /opt/devkitpro/libctru/lib/libctru.a(archive_dev.o)
 .text.archive_chdir
                0x0010ab2c       0xf8 /opt/devkitpro/libctru/lib/libctru.a(archive_dev.o)
 .text.archive_ftruncate
                0x0010ac24       0x8c /opt/devkitpro/libctru/lib/libctru.a(archive_dev.o)
 .text.archive_read
                0x0010acb0       0xbc /opt/devkitpro/libctru/lib/libctru.a(archive_dev.o)
 .text.archive_unlink
                0x0010ad6c       0xa8 /opt/devkitpro/libctru/lib/libctru.a(archive_dev.o)
 .text.archive_rmdir
                0x0010ae14       0xc0 /opt/devkitpro/libctru/lib/libctru.a(archive_dev.o)
 .text.archive_mkdir
                0x0010aed4       0xd8 /opt/devkitpro/libctru/lib/libctru.a(archive_dev.o)
 .text.archive_stat
                0x0010afac      0x1a0 /opt/devkitpro/libctru/lib/libctru.a(archive_dev.o)
 .text.archive_dirnext
                0x0010b14c      0x164 /opt/devkitpro/libctru/lib/libctru.a(archive_dev.o)
 .text.archive_write
                0x0010b2b0      0x13c /opt/devkitpro/libctru/lib/libctru.a(archive_dev.o)
 *fill*         0x0010b3ec        0x4 
 .text.archive_open
                0x0010b3f0      0x254 /opt/devkitpro/libctru/lib/libctru.a(archive_dev.o)
 .text.archive_rename
                0x0010b644      0x270 /opt/devkitpro/libctru/lib/libctru.a(archive_dev.o)
 .text.archiveMountSdmc
                0x0010b8b4      0x1c8 /opt/devkitpro/libctru/lib/libctru.a(archive_dev.o)
                0x0010b8b4                archiveMountSdmc
 .text.archiveUnmountAll
                0x0010ba7c       0x54 /opt/devkitpro/libctru/lib/libctru.a(archive_dev.o)
                0x0010ba7c                archiveUnmountAll
 .text.fsInit   0x0010bad0      0x104 /opt/devkitpro/libctru/lib/libctru.a(fs.o)
                0x0010bad0                fsInit
 .text.fsExit   0x0010bbd4       0x3c /opt/devkitpro/libctru/lib/libctru.a(fs.o)
                0x0010bbd4                fsExit
 .text.fsExemptFromSession
                0x0010bc10       0x68 /opt/devkitpro/libctru/lib/libctru.a(fs.o)
                0x0010bc10                fsExemptFromSession
 .text.fsUnexemptFromSession
                0x0010bc78       0x50 /opt/devkitpro/libctru/lib/libctru.a(fs.o)
                0x0010bc78                fsUnexemptFromSession
 .text.FSUSER_OpenFile
                0x0010bcc8       0xcc /opt/devkitpro/libctru/lib/libctru.a(fs.o)
                0x0010bcc8                FSUSER_OpenFile
 .text.FSUSER_DeleteFile
                0x0010bd94       0xb8 /opt/devkitpro/libctru/lib/libctru.a(fs.o)
                0x0010bd94                FSUSER_DeleteFile
 .text.FSUSER_RenameFile
                0x0010be4c       0xf4 /opt/devkitpro/libctru/lib/libctru.a(fs.o)
                0x0010be4c                FSUSER_RenameFile
 .text.FSUSER_DeleteDirectory
                0x0010bf40       0xb8 /opt/devkitpro/libctru/lib/libctru.a(fs.o)
                0x0010bf40                FSUSER_DeleteDirectory
 .text.FSUSER_CreateFile
                0x0010bff8       0xd0 /opt/devkitpro/libctru/lib/libctru.a(fs.o)
                0x0010bff8                FSUSER_CreateFile
 .text.FSUSER_CreateDirectory
                0x0010c0c8       0xc0 /opt/devkitpro/libctru/lib/libctru.a(fs.o)
                0x0010c0c8                FSUSER_CreateDirectory
 .text.FSUSER_RenameDirectory
                0x0010c188       0xf4 /opt/devkitpro/libctru/lib/libctru.a(fs.o)
                0x0010c188                FSUSER_RenameDirectory
 .text.FSUSER_OpenDirectory
                0x0010c27c       0xb4 /opt/devkitpro/libctru/lib/libctru.a(fs.o)
                0x0010c27c                FSUSER_OpenDirectory
 .text.FSUSER_OpenArchive
                0x0010c330       0x90 /opt/devkitpro/libctru/lib/libctru.a(fs.o)
                0x0010c330                FSUSER_OpenArchive
 .text.FSUSER_CloseArchive
                0x0010c3c0       0x8c /opt/devkitpro/libctru/lib/libctru.a(fs.o)
                0x0010c3c0                FSUSER_CloseArchive
 .text.FSUSER_GetSdmcArchiveResource
                0x0010c44c       0x74 /opt/devkitpro/libctru/lib/libctru.a(fs.o)
                0x0010c44c                FSUSER_GetSdmcArchiveResource
 .text.FSUSER_IsSdmcWritable
                0x0010c4c0       0x64 /opt/devkitpro/libctru/lib/libctru.a(fs.o)
                0x0010c4c0                FSUSER_IsSdmcWritable
 .text.FSFILE_Read
                0x0010c524       0x64 /opt/devkitpro/libctru/lib/libctru.a(fs.o)
                0x0010c524                FSFILE_Read
 .text.FSFILE_Write
                0x0010c588       0x6c /opt/devkitpro/libctru/lib/libctru.a(fs.o)
                0x0010c588                FSFILE_Write
 .text.FSFILE_GetSize
                0x0010c5f4       0x44 /opt/devkitpro/libctru/lib/libctru.a(fs.o)
                0x0010c5f4                FSFILE_GetSize
 .text.FSFILE_SetSize
                0x0010c638       0x28 /opt/devkitpro/libctru/lib/libctru.a(fs.o)
                0x0010c638                FSFILE_SetSize
 .text.FSFILE_Close
                0x0010c660       0x3c /opt/devkitpro/libctru/lib/libctru.a(fs.o)
                0x0010c660                FSFILE_Close
 .text.FSFILE_Flush
                0x0010c69c       0x24 /opt/devkitpro/libctru/lib/libctru.a(fs.o)
                0x0010c69c                FSFILE_Flush
 .text.FSDIR_Read
                0x0010c6c0       0x60 /opt/devkitpro/libctru/lib/libctru.a(fs.o)
                0x0010c6c0                FSDIR_Read
 .text.FSDIR_Close
                0x0010c720       0x3c /opt/devkitpro/libctru/lib/libctru.a(fs.o)
                0x0010c720                FSDIR_Close
 .text.rbtree_node_next
                0x0010c75c       0x60 /opt/devkitpro/libctru/lib/libctru.a(rbtree_iterator.o)
                0x0010c75c                rbtree_node_next
 .text.__aeabi_read_tp
                0x0010c7bc        0xc /opt/devkitpro/libctru/lib/libctru.a(readtp.o)
                0x0010c7bc                __aeabi_read_tp
 .text.__udivmoddi4
                0x0010c7c8      0x130 /opt/devkitpro/devkitARM/bin/../lib/gcc/arm-none-eabi/15.1.0/armv6k/fpu/libgcc.a(_udivmoddi4.o)
                0x0010c7c8                __udivmoddi4
 .text.strncmp  0x0010c8f8       0xd8 /opt/devkitpro/devkitARM/bin/../lib/gcc/arm-none-eabi/15.1.0/../../../../arm-none-eabi/lib/armv6k/fpu/libg.a(libc_a-strncmp.o)
                0x0010c8f8                strncmp
 .text.strlen   0x0010c9d0       0x8c /opt/devkitpro/devkitARM/bin/../lib/gcc/arm-none-eabi/15.1.0/../../../../arm-none-eabi/lib/armv6k/fpu/libg.a(libc_a-strlen.o)
                0x0010c9d0                strlen
 .text.stdio_exit_handler
                0x0010ca5c       0x1c /opt/devkitpro/devkitARM/bin/../lib/gcc/arm-none-eabi/15.1.0/../../../../arm-none-eabi/lib/armv6k/fpu/libg.a(libc_a-findfp.o)
 .text.cleanup_stdio
                0x0010ca78       0x5c /opt/devkitpro/devkitARM/bin/../lib/gcc/arm-none-eabi/15.1.0/../../../../arm-none-eabi/lib/armv6k/fpu/libg.a(libc_a-findfp.o)
 .text.global_stdio_init.part.0
                0x0010cad4      0x154 /opt/devkitpro/devkitARM/bin/../lib/gcc/arm-none-eabi/15.1.0/../../../../arm-none-eabi/lib/armv6k/fpu/libg.a(libc_a-findfp.o)
 .text.__sinit  0x0010cc28       0x5c /opt/devkitpro/devkitARM/bin/../lib/gcc/arm-none-eabi/15.1.0/../../../../arm-none-eabi/lib/armv6k/fpu/libg.a(libc_a-findfp.o)
                0x0010cc28                __sinit
 .text.__sfp_lock_acquire
                0x0010cc84        0xc /opt/devkitpro/devkitARM/bin/../lib/gcc/arm-none-eabi/15.1.0/../../../../arm-none-eabi/lib/armv6k/fpu/libg.a(libc_a-findfp.o)
                0x0010cc84                __sfp_lock_acquire
 .text.__sfp_lock_release
                0x0010cc90        0xc /opt/devkitpro/devkitARM/bin/../lib/gcc/arm-none-eabi/15.1.0/../../../../arm-none-eabi/lib/armv6k/fpu/libg.a(libc_a-findfp.o)
                0x0010cc90                __sfp_lock_release
 .text._strtoul_l.isra.0
                0x0010cc9c      0x1ec /opt/devkitpro/devkitARM/bin/../lib/gcc/arm-none-eabi/15.1.0/../../../../arm-none-eabi/lib/armv6k/fpu/libg.a(libc_a-strtoul.o)
 .text.strtoul  0x0010ce88       0x3c /opt/devkitpro/devkitARM/bin/../lib/gcc/arm-none-eabi/15.1.0/../../../../arm-none-eabi/lib/armv6k/fpu/libg.a(libc_a-strtoul.o)
                0x0010ce88                strtoul
 .text.__libc_init_array
                0x0010cec4       0x84 /opt/devkitpro/devkitARM/bin/../lib/gcc/arm-none-eabi/15.1.0/../../../../arm-none-eabi/lib/armv6k/fpu/libg.a(libc_a-init.o)
                0x0010cec4                __libc_init_array
 .text.strncat  0x0010cf48       0x9c /opt/devkitpro/devkitARM/bin/../lib/gcc/arm-none-eabi/15.1.0/../../../../arm-none-eabi/lib/armv6k/fpu/libg.a(libc_a-strncat.o)
                0x0010cf48                strncat
 .text._fwalk_sglue
                0x0010cfe4       0x70 /opt/devkitpro/devkitARM/bin/../lib/gcc/arm-none-eabi/15.1.0/../../../../arm-none-eabi/lib/armv6k/fpu/libg.a(libc_a-fwalk.o)
                0x0010cfe4                _fwalk_sglue
 .text.bsearch  0x0010d054       0x78 /opt/devkitpro/devkitARM/bin/../lib/gcc/arm-none-eabi/15.1.0/../../../../arm-none-eabi/lib/armv6k/fpu/libg.a(libc_a-bsearch.o)
                0x0010d054                bsearch
 .text.__errno  0x0010d0cc        0xc /opt/devkitpro/devkitARM/bin/../lib/gcc/arm-none-eabi/15.1.0/../../../../arm-none-eabi/lib/armv6k/fpu/libg.a(libc_a-errno.o)
                0x0010d0cc                __errno
 .text._puts_r  0x0010d0d8       0xe0 /opt/devkitpro/devkitARM/bin/../lib/gcc/arm-none-eabi/15.1.0/../../../../arm-none-eabi/lib/armv6k/fpu/libg.a(libc_a-puts.o)
                0x0010d0d8                _puts_r
 .text.puts     0x0010d1b8       0x20 /opt/devkitpro/devkitARM/bin/../lib/gcc/arm-none-eabi/15.1.0/../../../../arm-none-eabi/lib/armv6k/fpu/libg.a(libc_a-puts.o)
                0x0010d1b8                puts
 .text.memalign
                0x0010d1d8       0x28 /opt/devkitpro/devkitARM/bin/../lib/gcc/arm-none-eabi/15.1.0/../../../../arm-none-eabi/lib/armv6k/fpu/libg.a(libc_a-malign.o)
                0x0010d1d8                memalign
 .text._malloc_r
                0x0010d200      0x82c /opt/devkitpro/devkitARM/bin/../lib/gcc/arm-none-eabi/15.1.0/../../../../arm-none-eabi/lib/armv6k/fpu/libg.a(libc_a-mallocr.o)
                0x0010d200                _malloc_r
 .text._malloc_trim_r
                0x0010da2c      0x114 /opt/devkitpro/devkitARM/bin/../lib/gcc/arm-none-eabi/15.1.0/../../../../arm-none-eabi/lib/armv6k/fpu/libg.a(libc_a-freer.o)
                0x0010da2c                _malloc_trim_r
 .text._free_r  0x0010db40      0x314 /opt/devkitpro/devkitARM/bin/../lib/gcc/arm-none-eabi/15.1.0/../../../../arm-none-eabi/lib/armv6k/fpu/libg.a(libc_a-freer.o)
                0x0010db40                _free_r
 .text.printf   0x0010de54       0x34 /opt/devkitpro/devkitARM/bin/../lib/gcc/arm-none-eabi/15.1.0/../../../../arm-none-eabi/lib/armv6k/fpu/libg.a(libc_a-printf.o)
                0x0010de54                printf
 .text.strnlen  0x0010de88       0x3c /opt/devkitpro/devkitARM/bin/../lib/gcc/arm-none-eabi/15.1.0/../../../../arm-none-eabi/lib/armv6k/fpu/libg.a(libc_a-strnlen.o)
                0x0010de88                strnlen
 .text.malloc   0x0010dec4       0x40 /opt/devkitpro/devkitARM/bin/../lib/gcc/arm-none-eabi/15.1.0/../../../../arm-none-eabi/lib/armv6k/fpu/libg.a(libc_a-malloc.o)
                0x0010dec4                malloc
 .text.free     0x0010df04       0x20 /opt/devkitpro/devkitARM/bin/../lib/gcc/arm-none-eabi/15.1.0/../../../../arm-none-eabi/lib/armv6k/fpu/libg.a(libc_a-malloc.o)
                0x0010df04                free
 .text.__sflush_r
                0x0010df24      0x22c /opt/devkitpro/devkitARM/bin/../lib/gcc/arm-none-eabi/15.1.0/../../../../arm-none-eabi/lib/armv6k/fpu/libg.a(libc_a-fflush.o)
                0x0010df24                __sflush_r
 .text._fflush_r
                0x0010e150       0xc4 /opt/devkitpro/devkitARM/bin/../lib/gcc/arm-none-eabi/15.1.0/../../../../arm-none-eabi/lib/armv6k/fpu/libg.a(libc_a-fflush.o)
                0x0010e150                _fflush_r
 .text.critical_factorization
                0x0010e214      0x130 /opt/devkitpro/devkitARM/bin/../lib/gcc/arm-none-eabi/15.1.0/../../../../arm-none-eabi/lib/armv6k/fpu/libg.a(libc_a-strstr.o)
 .text.two_way_long_needle
                0x0010e344      0x33c /opt/devkitpro/devkitARM/bin/../lib/gcc/arm-none-eabi/15.1.0/../../../../arm-none-eabi/lib/armv6k/fpu/libg.a(libc_a-strstr.o)
 .text.strstr   0x0010e680      0x238 /opt/devkitpro/devkitARM/bin/../lib/gcc/arm-none-eabi/15.1.0/../../../../arm-none-eabi/lib/armv6k/fpu/libg.a(libc_a-strstr.o)
                0x0010e680                strstr
 .text.memset   0x0010e8b8       0xe4 /opt/devkitpro/devkitARM/bin/../lib/gcc/arm-none-eabi/15.1.0/../../../../arm-none-eabi/lib/armv6k/fpu/libg.a(libc_a-memset.o)
                0x0010e8b8                memset
 .text.__malloc_lock
                0x0010e99c        0xc /opt/devkitpro/devkitARM/bin/../lib/gcc/arm-none-eabi/15.1.0/../../../../arm-none-eabi/lib/armv6k/fpu/libg.a(libc_a-mlock.o)
                0x0010e99c                __malloc_lock
 .text.__malloc_unlock
                0x0010e9a8        0xc /opt/devkitpro/devkitARM/bin/../lib/gcc/arm-none-eabi/15.1.0/../../../../arm-none-eabi/lib/armv6k/fpu/libg.a(libc_a-mlock.o)
                0x0010e9a8                __malloc_unlock
 .text.__call_exitprocs
                0x0010e9b4        0x4 /opt/devkitpro/devkitARM/bin/../lib/gcc/arm-none-eabi/15.1.0/../../../../arm-none-eabi/lib/armv6k/fpu/libg.a(libc_a-exit.o)
                0x0010e9b4                __call_exitprocs
 .text.exit     0x0010e9b8       0x30 /opt/devkitpro/devkitARM/bin/../lib/gcc/arm-none-eabi/15.1.0/../../../../arm-none-eabi/lib/armv6k/fpu/libg.a(libc_a-exit.o)
                0x0010e9b8                exit
 .text.setvbuf  0x0010e9e8      0x294 /opt/devkitpro/devkitARM/bin/../lib/gcc/arm-none-eabi/15.1.0/../../../../arm-none-eabi/lib/armv6k/fpu/libg.a(libc_a-setvbuf.o)
                0x0010e9e8                setvbuf
 .text.strncpy  0x0010ec7c       0xd4 /opt/devkitpro/devkitARM/bin/../lib/gcc/arm-none-eabi/15.1.0/../../../../arm-none-eabi/lib/armv6k/fpu/libg.a(libc_a-strncpy.o)
                0x0010ec7c                strncpy
 .text.memcpy   0x0010ed50      0x12c /opt/devkitpro/devkitARM/bin/../lib/gcc/arm-none-eabi/15.1.0/../../../../arm-none-eabi/lib/armv6k/fpu/libg.a(libc_a-memcpy-stub.o)
                0x0010ed50                memcpy
 .text.__sfvwrite_r
                0x0010ee7c      0x4a4 /opt/devkitpro/devkitARM/bin/../lib/gcc/arm-none-eabi/15.1.0/../../../../arm-none-eabi/lib/armv6k/fpu/libg.a(libc_a-fvwrite.o)
                0x0010ee7c                __sfvwrite_r
 .text.strchr   0x0010f320      0x140 /opt/devkitpro/devkitARM/bin/../lib/gcc/arm-none-eabi/15.1.0/../../../../arm-none-eabi/lib/armv6k/fpu/libg.a(libc_a-strchr.o)
                0x0010f320                strchr
 .text.__sread  0x0010f460       0x44 /opt/devkitpro/devkitARM/bin/../lib/gcc/arm-none-eabi/15.1.0/../../../../arm-none-eabi/lib/armv6k/fpu/libg.a(libc_a-stdio.o)
                0x0010f460                __sread
 .text.__swrite
                0x0010f4a4       0x68 /opt/devkitpro/devkitARM/bin/../lib/gcc/arm-none-eabi/15.1.0/../../../../arm-none-eabi/lib/armv6k/fpu/libg.a(libc_a-stdio.o)
                0x0010f4a4                __swrite
 .text.__sseek  0x0010f50c       0x40 /opt/devkitpro/devkitARM/bin/../lib/gcc/arm-none-eabi/15.1.0/../../../../arm-none-eabi/lib/armv6k/fpu/libg.a(libc_a-stdio.o)
                0x0010f50c                __sseek
 .text.__sclose
                0x0010f54c        0x8 /opt/devkitpro/devkitARM/bin/../lib/gcc/arm-none-eabi/15.1.0/../../../../arm-none-eabi/lib/armv6k/fpu/libg.a(libc_a-stdio.o)
                0x0010f54c                __sclose
 .text.memmove  0x0010f554      0x16c /opt/devkitpro/devkitARM/bin/../lib/gcc/arm-none-eabi/15.1.0/../../../../arm-none-eabi/lib/armv6k/fpu/libg.a(libc_a-memmove.o)
                0x0010f554                memmove
 .text._fclose_r
                0x0010f6c0      0x144 /opt/devkitpro/devkitARM/bin/../lib/gcc/arm-none-eabi/15.1.0/../../../../arm-none-eabi/lib/armv6k/fpu/libg.a(libc_a-fclose.o)
                0x0010f6c0                _fclose_r
 .text._memalign_r
                0x0010f804      0x16c /opt/devkitpro/devkitARM/bin/../lib/gcc/arm-none-eabi/15.1.0/../../../../arm-none-eabi/lib/armv6k/fpu/libg.a(libc_a-malignr.o)
                0x0010f804                _memalign_r
 .text.memcmp   0x0010f970       0xd8 /opt/devkitpro/devkitARM/bin/../lib/gcc/arm-none-eabi/15.1.0/../../../../arm-none-eabi/lib/armv6k/fpu/libg.a(libc_a-memcmp.o)
                0x0010f970                memcmp
 .text.get_arg  0x0010fa48      0x5e0 /opt/devkitpro/devkitARM/bin/../lib/gcc/arm-none-eabi/15.1.0/../../../../arm-none-eabi/lib/armv6k/fpu/libg.a(libc_a-vfprintf.o)
 .text._vfprintf_r
                0x00110028     0x3554 /opt/devkitpro/devkitARM/bin/../lib/gcc/arm-none-eabi/15.1.0/../../../../arm-none-eabi/lib/armv6k/fpu/libg.a(libc_a-vfprintf.o)
                0x00110028                _vfprintf_r
 .text.__sbprintf
                0x0011357c       0xb4 /opt/devkitpro/devkitARM/bin/../lib/gcc/arm-none-eabi/15.1.0/../../../../arm-none-eabi/lib/armv6k/fpu/libg.a(libc_a-vfprintf.o)
 .text.memchr   0x00113630       0xe8 /opt/devkitpro/devkitARM/bin/../lib/gcc/arm-none-eabi/15.1.0/../../../../arm-none-eabi/lib/armv6k/fpu/libg.a(libc_a-memchr-stub.o)
                0x00113630                memchr
 .text.quorem   0x00113718      0x1c0 /opt/devkitpro/devkitARM/bin/../lib/gcc/arm-none-eabi/15.1.0/../../../../arm-none-eabi/lib/armv6k/fpu/libg.a(libc_a-dtoa.o)
 .text._dtoa_r  0x001138d8     0x13f0 /opt/devkitpro/devkitARM/bin/../lib/gcc/arm-none-eabi/15.1.0/../../../../arm-none-eabi/lib/armv6k/fpu/libg.a(libc_a-dtoa.o)
                0x001138d8                _dtoa_r
 .text._wcrtomb_r
                0x00114cc8       0xa0 /opt/devkitpro/devkitARM/bin/../lib/gcc/arm-none-eabi/15.1.0/../../../../arm-none-eabi/lib/armv6k/fpu/libg.a(libc_a-wcrtomb.o)
                0x00114cc8                _wcrtomb_r
 .text.__libc_fini_array
                0x00114d68       0x3c /opt/devkitpro/devkitARM/bin/../lib/gcc/arm-none-eabi/15.1.0/../../../../arm-none-eabi/lib/armv6k/fpu/libg.a(libc_a-fini.o)
                0x00114d68                __libc_fini_array
 .text.__smakebuf_r
                0x00114da4      0x164 /opt/devkitpro/devkitARM/bin/../lib/gcc/arm-none-eabi/15.1.0/../../../../arm-none-eabi/lib/armv6k/fpu/libg.a(libc_a-makebuf.o)
                0x00114da4                __smakebuf_r
 .text.__swhatbuf_r
                0x00114f08       0x90 /opt/devkitpro/devkitARM/bin/../lib/gcc/arm-none-eabi/15.1.0/../../../../arm-none-eabi/lib/armv6k/fpu/libg.a(libc_a-makebuf.o)
                0x00114f08                __swhatbuf_r
 .text._realloc_r
                0x00114f98      0x4f0 /opt/devkitpro/devkitARM/bin/../lib/gcc/arm-none-eabi/15.1.0/../../../../arm-none-eabi/lib/armv6k/fpu/libg.a(libc_a-reallocr.o)
                0x00114f98                _realloc_r
 .text._wcsrtombs_r
                0x00115488       0x28 /opt/devkitpro/devkitARM/bin/../lib/gcc/arm-none-eabi/15.1.0/../../../../arm-none-eabi/lib/armv6k/fpu/libg.a(libc_a-wcsrtombs.o)
                0x00115488                _wcsrtombs_r
 .text.__swsetup_r
                0x001154b0      0x140 /opt/devkitpro/devkitARM/bin/../lib/gcc/arm-none-eabi/15.1.0/../../../../arm-none-eabi/lib/armv6k/fpu/libg.a(libc_a-wsetup.o)
                0x001154b0                __swsetup_r
 .text.frexp    0x001155f0       0x88 /opt/devkitpro/devkitARM/bin/../lib/gcc/arm-none-eabi/15.1.0/../../../../arm-none-eabi/lib/armv6k/fpu/libg.a(libm_a-s_frexp.o)
                0x001155f0                frexp
 .text.__assert_func
                0x00115678       0x5c /opt/devkitpro/devkitARM/bin/../lib/gcc/arm-none-eabi/15.1.0/../../../../arm-none-eabi/lib/armv6k/fpu/libg.a(libc_a-assert.o)
                0x00115678                __assert_func
 .text._Balloc  0x001156d4       0x88 /opt/devkitpro/devkitARM/bin/../lib/gcc/arm-none-eabi/15.1.0/../../../../arm-none-eabi/lib/armv6k/fpu/libg.a(libc_a-mprec.o)
                0x001156d4                _Balloc
 .text._Bfree   0x0011575c       0x1c /opt/devkitpro/devkitARM/bin/../lib/gcc/arm-none-eabi/15.1.0/../../../../arm-none-eabi/lib/armv6k/fpu/libg.a(libc_a-mprec.o)
                0x0011575c                _Bfree
 .text.__multadd
                0x00115778       0xf4 /opt/devkitpro/devkitARM/bin/../lib/gcc/arm-none-eabi/15.1.0/../../../../arm-none-eabi/lib/armv6k/fpu/libg.a(libc_a-mprec.o)
                0x00115778                __multadd
 .text.__hi0bits
                0x0011586c       0x80 /opt/devkitpro/devkitARM/bin/../lib/gcc/arm-none-eabi/15.1.0/../../../../arm-none-eabi/lib/armv6k/fpu/libg.a(libc_a-mprec.o)
                0x0011586c                __hi0bits
 .text.__lo0bits
                0x001158ec       0xf0 /opt/devkitpro/devkitARM/bin/../lib/gcc/arm-none-eabi/15.1.0/../../../../arm-none-eabi/lib/armv6k/fpu/libg.a(libc_a-mprec.o)
                0x001158ec                __lo0bits
 .text.__i2b    0x001159dc       0xa4 /opt/devkitpro/devkitARM/bin/../lib/gcc/arm-none-eabi/15.1.0/../../../../arm-none-eabi/lib/armv6k/fpu/libg.a(libc_a-mprec.o)
                0x001159dc                __i2b
 .text.__multiply
                0x00115a80      0x230 /opt/devkitpro/devkitARM/bin/../lib/gcc/arm-none-eabi/15.1.0/../../../../arm-none-eabi/lib/armv6k/fpu/libg.a(libc_a-mprec.o)
                0x00115a80                __multiply
 .text.__pow5mult
                0x00115cb0      0x130 /opt/devkitpro/devkitARM/bin/../lib/gcc/arm-none-eabi/15.1.0/../../../../arm-none-eabi/lib/armv6k/fpu/libg.a(libc_a-mprec.o)
                0x00115cb0                __pow5mult
 .text.__lshift
                0x00115de0      0x138 /opt/devkitpro/devkitARM/bin/../lib/gcc/arm-none-eabi/15.1.0/../../../../arm-none-eabi/lib/armv6k/fpu/libg.a(libc_a-mprec.o)
                0x00115de0                __lshift
 .text.__mcmp   0x00115f18       0x58 /opt/devkitpro/devkitARM/bin/../lib/gcc/arm-none-eabi/15.1.0/../../../../arm-none-eabi/lib/armv6k/fpu/libg.a(libc_a-mprec.o)
                0x00115f18                __mcmp
 .text.__mdiff  0x00115f70      0x218 /opt/devkitpro/devkitARM/bin/../lib/gcc/arm-none-eabi/15.1.0/../../../../arm-none-eabi/lib/armv6k/fpu/libg.a(libc_a-mprec.o)
                0x00115f70                __mdiff
 .text.__d2b    0x00116188      0x120 /opt/devkitpro/devkitARM/bin/../lib/gcc/arm-none-eabi/15.1.0/../../../../arm-none-eabi/lib/armv6k/fpu/libg.a(libc_a-mprec.o)
                0x00116188                __d2b
 .text.__locale_mb_cur_max
                0x001162a8       0x24 /opt/devkitpro/devkitARM/bin/../lib/gcc/arm-none-eabi/15.1.0/../../../../arm-none-eabi/lib/armv6k/fpu/libg.a(libc_a-locale.o)
                0x001162a8                __locale_mb_cur_max
 .text.fiprintf
                0x001162cc       0x3c /opt/devkitpro/devkitARM/bin/../lib/gcc/arm-none-eabi/15.1.0/../../../../arm-none-eabi/lib/armv6k/fpu/libg.a(libc_a-fiprintf.o)
                0x001162cc                fiprintf
 .text._wcsnrtombs_l
                0x00116308      0x15c /opt/devkitpro/devkitARM/bin/../lib/gcc/arm-none-eabi/15.1.0/../../../../arm-none-eabi/lib/armv6k/fpu/libg.a(libc_a-wcsnrtombs.o)
                0x00116308                _wcsnrtombs_l
 .text._wcsnrtombs_r
                0x00116464       0x64 /opt/devkitpro/devkitARM/bin/../lib/gcc/arm-none-eabi/15.1.0/../../../../arm-none-eabi/lib/armv6k/fpu/libg.a(libc_a-wcsnrtombs.o)
                0x00116464                _wcsnrtombs_r
 .text.__utf8_mbtowc
                0x001164c8      0x340 /opt/devkitpro/devkitARM/bin/../lib/gcc/arm-none-eabi/15.1.0/../../../../arm-none-eabi/lib/armv6k/fpu/libg.a(libc_a-mbtowc_r.o)
                0x001164c8                __utf8_mbtowc
 .text.__sprint_r
                0x00116808       0x30 /opt/devkitpro/devkitARM/bin/../lib/gcc/arm-none-eabi/15.1.0/../../../../arm-none-eabi/lib/armv6k/fpu/libg.a(libc_a-sprint_r.o)
                0x00116808                __sprint_r
 .text.abort    0x00116838       0x14 /opt/devkitpro/devkitARM/bin/../lib/gcc/arm-none-eabi/15.1.0/../../../../arm-none-eabi/lib/armv6k/fpu/libg.a(libc_a-abort.o)
                0x00116838                abort
 .text._localeconv_r
                0x0011684c       0x24 /opt/devkitpro/devkitARM/bin/../lib/gcc/arm-none-eabi/15.1.0/../../../../arm-none-eabi/lib/armv6k/fpu/libg.a(libc_a-localeconv.o)
                0x0011684c                _localeconv_r
 .text._calloc_r
                0x00116870       0xd8 /opt/devkitpro/devkitARM/bin/../lib/gcc/arm-none-eabi/15.1.0/../../../../arm-none-eabi/lib/armv6k/fpu/libg.a(libc_a-callocr.o)
                0x00116870                _calloc_r
 .text.__utf8_wctomb
                0x00116948       0xf8 /opt/devkitpro/devkitARM/bin/../lib/gcc/arm-none-eabi/15.1.0/../../../../arm-none-eabi/lib/armv6k/fpu/libg.a(libc_a-wctomb_r.o)
                0x00116948                __utf8_wctomb
 .text._raise_r
                0x00116a40       0x9c /opt/devkitpro/devkitARM/bin/../lib/gcc/arm-none-eabi/15.1.0/../../../../arm-none-eabi/lib/armv6k/fpu/libg.a(libc_a-signal.o)
                0x00116a40                _raise_r
 .text.raise    0x00116adc       0x20 /opt/devkitpro/devkitARM/bin/../lib/gcc/arm-none-eabi/15.1.0/../../../../arm-none-eabi/lib/armv6k/fpu/libg.a(libc_a-signal.o)
                0x00116adc                raise
 .text.get_arg  0x00116afc      0x5e0 /opt/devkitpro/devkitARM/bin/../lib/gcc/arm-none-eabi/15.1.0/../../../../arm-none-eabi/lib/armv6k/fpu/libg.a(libc_a-vfiprintf.o)
 .text._vfiprintf_r
                0x001170dc     0x22f8 /opt/devkitpro/devkitARM/bin/../lib/gcc/arm-none-eabi/15.1.0/../../../../arm-none-eabi/lib/armv6k/fpu/libg.a(libc_a-vfiprintf.o)
                0x001170dc                _vfiprintf_r
 .text.__sbprintf
                0x001193d4       0xb4 /opt/devkitpro/devkitARM/bin/../lib/gcc/arm-none-eabi/15.1.0/../../../../arm-none-eabi/lib/armv6k/fpu/libg.a(libc_a-vfiprintf.o)
 .text._exit    0x00119488       0x20 /opt/devkitpro/devkitARM/bin/../lib/gcc/arm-none-eabi/15.1.0/../../../../arm-none-eabi/lib/armv6k/fpu/libsysbase.a(libsysbase_libsysbase_a-_exit.o)
                0x00119488                _exit
 .text.chdir    0x001194a8      0x140 /opt/devkitpro/devkitARM/bin/../lib/gcc/arm-none-eabi/15.1.0/../../../../arm-none-eabi/lib/armv6k/fpu/libsysbase.a(libsysbase_libsysbase_a-chdir.o)
                0x001194a8                chdir
 .text._concatenate_path
                0x001195e8      0x1c8 /opt/devkitpro/devkitARM/bin/../lib/gcc/arm-none-eabi/15.1.0/../../../../arm-none-eabi/lib/armv6k/fpu/libsysbase.a(libsysbase_libsysbase_a-concatenate.o)
                0x001195e8                _concatenate_path
 .text._fstat_r
                0x001197b0       0x9c /opt/devkitpro/devkitARM/bin/../lib/gcc/arm-none-eabi/15.1.0/../../../../arm-none-eabi/lib/armv6k/fpu/libsysbase.a(libsysbase_libsysbase_a-fstat.o)
                0x001197b0                _fstat_r
 .text._getpid_r
                0x0011984c       0x14 /opt/devkitpro/devkitARM/bin/../lib/gcc/arm-none-eabi/15.1.0/../../../../arm-none-eabi/lib/armv6k/fpu/libsysbase.a(libsysbase_libsysbase_a-getpid.o)
                0x0011984c                _getpid_r
 .text.__getreent
                0x00119860       0x2c /opt/devkitpro/devkitARM/bin/../lib/gcc/arm-none-eabi/15.1.0/../../../../arm-none-eabi/lib/armv6k/fpu/libsysbase.a(libsysbase_libsysbase_a-getreent.o)
                0x00119860                __getreent
 .text.__release_handle
                0x0011988c       0xa0 /opt/devkitpro/devkitARM/bin/../lib/gcc/arm-none-eabi/15.1.0/../../../../arm-none-eabi/lib/armv6k/fpu/libsysbase.a(libsysbase_libsysbase_a-handle_manager.o)
                0x0011988c                __release_handle
 .text.__alloc_handle
                0x0011992c       0xb0 /opt/devkitpro/devkitARM/bin/../lib/gcc/arm-none-eabi/15.1.0/../../../../arm-none-eabi/lib/armv6k/fpu/libsysbase.a(libsysbase_libsysbase_a-handle_manager.o)
                0x0011992c                __alloc_handle
 .text.__get_handle
                0x001199dc       0x58 /opt/devkitpro/devkitARM/bin/../lib/gcc/arm-none-eabi/15.1.0/../../../../arm-none-eabi/lib/armv6k/fpu/libsysbase.a(libsysbase_libsysbase_a-handle_manager.o)
                0x001199dc                __get_handle
 .text._close_r
                0x00119a34      0x110 /opt/devkitpro/devkitARM/bin/../lib/gcc/arm-none-eabi/15.1.0/../../../../arm-none-eabi/lib/armv6k/fpu/libsysbase.a(libsysbase_libsysbase_a-handle_manager.o)
                0x00119a34                _close_r
 .text.null_write
                0x00119b44        0x8 /opt/devkitpro/devkitARM/bin/../lib/gcc/arm-none-eabi/15.1.0/../../../../arm-none-eabi/lib/armv6k/fpu/libsysbase.a(libsysbase_libsysbase_a-iosupport.o)
 .text.setDefaultDevice
                0x00119b4c       0x18 /opt/devkitpro/devkitARM/bin/../lib/gcc/arm-none-eabi/15.1.0/../../../../arm-none-eabi/lib/armv6k/fpu/libsysbase.a(libsysbase_libsysbase_a-iosupport.o)
                0x00119b4c                setDefaultDevice
 .text.FindDevice
                0x00119b64       0xc4 /opt/devkitpro/devkitARM/bin/../lib/gcc/arm-none-eabi/15.1.0/../../../../arm-none-eabi/lib/armv6k/fpu/libsysbase.a(libsysbase_libsysbase_a-iosupport.o)
                0x00119b64                FindDevice
 .text.RemoveDevice
                0x00119c28       0x28 /opt/devkitpro/devkitARM/bin/../lib/gcc/arm-none-eabi/15.1.0/../../../../arm-none-eabi/lib/armv6k/fpu/libsysbase.a(libsysbase_libsysbase_a-iosupport.o)
                0x00119c28                RemoveDevice
 .text.AddDevice
                0x00119c50       0x98 /opt/devkitpro/devkitARM/bin/../lib/gcc/arm-none-eabi/15.1.0/../../../../arm-none-eabi/lib/armv6k/fpu/libsysbase.a(libsysbase_libsysbase_a-iosupport.o)
                0x00119c50                AddDevice
 .text.GetDeviceOpTab
                0x00119ce8       0x20 /opt/devkitpro/devkitARM/bin/../lib/gcc/arm-none-eabi/15.1.0/../../../../arm-none-eabi/lib/armv6k/fpu/libsysbase.a(libsysbase_libsysbase_a-iosupport.o)
                0x00119ce8                GetDeviceOpTab
 .text._isatty_r
                0x00119d08        0x8 /opt/devkitpro/devkitARM/bin/../lib/gcc/arm-none-eabi/15.1.0/../../../../arm-none-eabi/lib/armv6k/fpu/libsysbase.a(libsysbase_libsysbase_a-isatty.o)
                0x00119d08                _isatty_r
 .text._kill_r  0x00119d10       0x14 /opt/devkitpro/devkitARM/bin/../lib/gcc/arm-none-eabi/15.1.0/../../../../arm-none-eabi/lib/armv6k/fpu/libsysbase.a(libsysbase_libsysbase_a-kill.o)
                0x00119d10                _kill_r
 .text._lseek_r
                0x00119d24       0x94 /opt/devkitpro/devkitARM/bin/../lib/gcc/arm-none-eabi/15.1.0/../../../../arm-none-eabi/lib/armv6k/fpu/libsysbase.a(libsysbase_libsysbase_a-lseek.o)
                0x00119d24                _lseek_r
 .text._read_r  0x00119db8       0x94 /opt/devkitpro/devkitARM/bin/../lib/gcc/arm-none-eabi/15.1.0/../../../../arm-none-eabi/lib/armv6k/fpu/libsysbase.a(libsysbase_libsysbase_a-read.o)
                0x00119db8                _read_r
 .text._sbrk_r  0x00119e4c       0x78 /opt/devkitpro/devkitARM/bin/../lib/gcc/arm-none-eabi/15.1.0/../../../../arm-none-eabi/lib/armv6k/fpu/libsysbase.a(libsysbase_libsysbase_a-sbrk.o)
                0x00119e4c                _sbrk_r
 .text.__libc_lock_acquire
                0x00119ec4       0x1c /opt/devkitpro/devkitARM/bin/../lib/gcc/arm-none-eabi/15.1.0/../../../../arm-none-eabi/lib/armv6k/fpu/libsysbase.a(libsysbase_libsysbase_a-syscall_support.o)
                0x00119ec4                __libc_lock_acquire
 .text.__libc_lock_release
                0x00119ee0       0x1c /opt/devkitpro/devkitARM/bin/../lib/gcc/arm-none-eabi/15.1.0/../../../../arm-none-eabi/lib/armv6k/fpu/libsysbase.a(libsysbase_libsysbase_a-syscall_support.o)
                0x00119ee0                __libc_lock_release
 .text.__libc_lock_acquire_recursive
                0x00119efc       0x1c /opt/devkitpro/devkitARM/bin/../lib/gcc/arm-none-eabi/15.1.0/../../../../arm-none-eabi/lib/armv6k/fpu/libsysbase.a(libsysbase_libsysbase_a-syscall_support.o)
                0x00119efc                __libc_lock_acquire_recursive
 .text.__libc_lock_release_recursive
                0x00119f18       0x1c /opt/devkitpro/devkitARM/bin/../lib/gcc/arm-none-eabi/15.1.0/../../../../arm-none-eabi/lib/armv6k/fpu/libsysbase.a(libsysbase_libsysbase_a-syscall_support.o)
                0x00119f18                __libc_lock_release_recursive
 .text._write_r
                0x00119f34       0x94 /opt/devkitpro/devkitARM/bin/../lib/gcc/arm-none-eabi/15.1.0/../../../../arm-none-eabi/lib/armv6k/fpu/libsysbase.a(libsysbase_libsysbase_a-write.o)
                0x00119f34                _write_r
 .text.strrchr  0x00119fc8       0x48 /opt/devkitpro/devkitARM/bin/../lib/gcc/arm-none-eabi/15.1.0/../../../../arm-none-eabi/lib/armv6k/fpu/libg.a(libc_a-strrchr.o)
                0x00119fc8                strrchr
 *(.glue_7)
 .glue_7        0x0011a010        0x0 linker stubs
 *(.glue_7t)
 .glue_7t       0x0011a010        0x0 linker stubs
 *(.stub)
 *(.gnu.warning)
 *(.gnu.linkonce.t*)
                0x0011a010                        . = ALIGN (0x4)
 *(.fini)
 .fini          0x0011a010        0xc /opt/devkitpro/devkitARM/bin/../lib/gcc/arm-none-eabi/15.1.0/armv6k/fpu/crti.o
                0x0011a010                _fini
 .fini          0x0011a01c        0xc /opt/devkitpro/devkitARM/bin/../lib/gcc/arm-none-eabi/15.1.0/armv6k/fpu/crtn.o
                0x0011a028                        . = ALIGN (0x4)

.vfp11_veneer   0x0011a028        0x0
 .vfp11_veneer  0x0011a028        0x0 linker stubs

.v4_bx          0x0011a028        0x0
 .v4_bx         0x0011a028        0x0 linker stubs

.iplt           0x0011a028        0x0
 .iplt          0x0011a028        0x0 /opt/devkitpro/devkitARM/bin/../lib/gcc/arm-none-eabi/15.1.0/../../../../arm-none-eabi/lib/armv6k/fpu/3dsx_crt0.o
                0x0011b000                        . = ALIGN (0x1000)

.rodata         0x0011b000     0x1550
 *(.rodata)
 .rodata        0x0011b000        0xc /opt/devkitpro/libctru/lib/libctru.a(archive_dev.o)
 *(.roda)
 *(.rodata.*)
 .rodata.str1.4
                0x0011b00c      0x3b4 main.o
                                0x1b8 (size before relaxing)
 .rodata.consoleHandleColorEsc
                0x0011b3c0       0x6c /opt/devkitpro/libctru/lib/libctru.a(console.o)
 .rodata.consolePrintChar
                0x0011b42c        0x6 /opt/devkitpro/libctru/lib/libctru.a(console.o)
 .rodata.con_write
                0x0011b432       0x46 /opt/devkitpro/libctru/lib/libctru.a(console.o)
 .rodata.str1.4
                0x0011b478       0x10 /opt/devkitpro/libctru/lib/libctru.a(console.o)
 .rodata.dotab_stdout
                0x0011b478       0x80 /opt/devkitpro/libctru/lib/libctru.a(console.o)
 .rodata.grayScale
                0x0011b4f8       0x18 /opt/devkitpro/libctru/lib/libctru.a(console.o)
 .rodata.colorCube
                0x0011b510        0x6 /opt/devkitpro/libctru/lib/libctru.a(console.o)
 *fill*         0x0011b516        0x2 
 .rodata.colorTable
                0x0011b518       0x30 /opt/devkitpro/libctru/lib/libctru.a(console.o)
 .rodata.aptEventHandler
                0x0011b548        0xb /opt/devkitpro/libctru/lib/libctru.a(apt.o)
 .rodata.aptWaitForWakeUp.isra.0
                0x0011b553       0x11 /opt/devkitpro/libctru/lib/libctru.a(apt.o)
 .rodata.morton_y.2
                0x0011b564        0x8 /opt/devkitpro/libctru/lib/libctru.a(apt.o)
 .rodata.morton_x.3
                0x0011b56c        0x8 /opt/devkitpro/libctru/lib/libctru.a(apt.o)
 .rodata.s_sleepWakeEvents.4
                0x0011b574        0x8 /opt/devkitpro/libctru/lib/libctru.a(apt.o)
 .rodata.str1.4
                0x0011b57c       0x16 /opt/devkitpro/libctru/lib/libctru.a(apt.o)
 .rodata.serviceNameTable.5
                0x0011b57c        0xc /opt/devkitpro/libctru/lib/libctru.a(apt.o)
 .rodata.csndInit.str1.4
                0x0011b588        0x9 /opt/devkitpro/libctru/lib/libctru.a(csnd.o)
 .rodata.gspInit.str1.4
                0x0011b588        0x9 /opt/devkitpro/libctru/lib/libctru.a(gspgpu.o)
 .rodata.hidInit.str1.4
                0x0011b588       0x15 /opt/devkitpro/libctru/lib/libctru.a(hid.o)
 .rodata.irrstInit.str1.4
                0x0011b588        0x7 /opt/devkitpro/libctru/lib/libctru.a(irrst.o)
 .rodata.micInit.str1.4
                0x0011b588        0x6 /opt/devkitpro/libctru/lib/libctru.a(mic.o)
 .rodata.socInit.str1.4
                0x0011b588        0xe /opt/devkitpro/libctru/lib/libctru.a(soc_init.o)
 .rodata.str1.4
                0x0011b588        0x4 /opt/devkitpro/libctru/lib/libctru.a(soc_init.o)
 .rodata.sendto.str1.4
                0x0011b588        0x4 /opt/devkitpro/libctru/lib/libctru.a(soc_sendto.o)
 .rodata.socket.str1.4
                0x0011b588        0x5 /opt/devkitpro/libctru/lib/libctru.a(soc_socket.o)
 .rodata.swkbdFeatures
                0x0011b588       0x14 /opt/devkitpro/libctru/lib/libctru.a(swkbd.o)
 .rodata.__system_initArgv.str1.4
                0x0011b59c        0xa /opt/devkitpro/libctru/lib/libctru.a(initArgv.o)
 .rodata.default_font_bin
                0x0011b59c      0x800 /opt/devkitpro/libctru/lib/libctru.a(default_font.bin.o)
                0x0011b59c                default_font_bin
                0x0011bd9c                default_font_bin_end
 .rodata.srvInit.str1.4
                0x0011bd9c        0x5 /opt/devkitpro/libctru/lib/libctru.a(srv.o)
 .rodata.ptmSysmInit.str1.4
                0x0011bd9c        0x9 /opt/devkitpro/libctru/lib/libctru.a(ptmsysm.o)
 .rodata._net_error_code_map
                0x0011bd9c       0x4d /opt/devkitpro/libctru/lib/libctru.a(soc_common.o)
 .rodata.archive_utf16path.str1.4
                0x0011bde9        0x2 /opt/devkitpro/libctru/lib/libctru.a(archive_dev.o)
 .rodata._archiveUnmountDeviceStruct.part.0.str1.4
                0x0011bde9        0x2 /opt/devkitpro/libctru/lib/libctru.a(archive_dev.o)
 .rodata._archiveMountDevice.str1.4
                0x0011bde9        0xc /opt/devkitpro/libctru/lib/libctru.a(archive_dev.o)
 .rodata.archiveMountSdmc.str1.4
                0x0011bde9        0x5 /opt/devkitpro/libctru/lib/libctru.a(archive_dev.o)
 *fill*         0x0011bde9        0x3 
 .rodata.error_table
                0x0011bdec       0x30 /opt/devkitpro/libctru/lib/libctru.a(archive_dev.o)
 .rodata.str1.4
                0x0011be1c        0x8 /opt/devkitpro/libctru/lib/libctru.a(archive_dev.o)
 .rodata.archive_devoptab
                0x0011be1c       0x80 /opt/devkitpro/libctru/lib/libctru.a(archive_dev.o)
 .rodata.fsInit.str1.4
                0x0011be9c        0x8 /opt/devkitpro/libctru/lib/libctru.a(fs.o)
 .rodata._puts_r.str1.4
                0x0011be9c        0x2 /opt/devkitpro/devkitARM/bin/../lib/gcc/arm-none-eabi/15.1.0/../../../../arm-none-eabi/lib/armv6k/fpu/libg.a(libc_a-puts.o)
 .rodata._ctype_
                0x0011be9c      0x101 /opt/devkitpro/devkitARM/bin/../lib/gcc/arm-none-eabi/15.1.0/../../../../arm-none-eabi/lib/armv6k/fpu/libg.a(libc_a-ctype_.o)
                0x0011be9c                _ctype_
 *fill*         0x0011bf9d        0x1 
 .rodata.get_arg
                0x0011bf9e       0x34 /opt/devkitpro/devkitARM/bin/../lib/gcc/arm-none-eabi/15.1.0/../../../../arm-none-eabi/lib/armv6k/fpu/libg.a(libc_a-vfprintf.o)
 .rodata._vfprintf_r.str1.1
                0x0011bfd2       0x3b /opt/devkitpro/devkitARM/bin/../lib/gcc/arm-none-eabi/15.1.0/../../../../arm-none-eabi/lib/armv6k/fpu/libg.a(libc_a-vfprintf.o)
 *fill*         0x0011c00d        0x1 
 .rodata._vfprintf_r
                0x0011c00e       0xb6 /opt/devkitpro/devkitARM/bin/../lib/gcc/arm-none-eabi/15.1.0/../../../../arm-none-eabi/lib/armv6k/fpu/libg.a(libc_a-vfprintf.o)
 .rodata.zeroes.0
                0x0011c0c4       0x10 /opt/devkitpro/devkitARM/bin/../lib/gcc/arm-none-eabi/15.1.0/../../../../arm-none-eabi/lib/armv6k/fpu/libg.a(libc_a-vfprintf.o)
 .rodata.blanks.1
                0x0011c0d4       0x10 /opt/devkitpro/devkitARM/bin/../lib/gcc/arm-none-eabi/15.1.0/../../../../arm-none-eabi/lib/armv6k/fpu/libg.a(libc_a-vfprintf.o)
 .rodata._dtoa_r.str1.4
                0x0011c0e4       0x6a /opt/devkitpro/devkitARM/bin/../lib/gcc/arm-none-eabi/15.1.0/../../../../arm-none-eabi/lib/armv6k/fpu/libg.a(libc_a-dtoa.o)
 .rodata._dtoa_r
                0x0011c0e4        0x8 /opt/devkitpro/devkitARM/bin/../lib/gcc/arm-none-eabi/15.1.0/../../../../arm-none-eabi/lib/armv6k/fpu/libg.a(libc_a-dtoa.o)
 .rodata.__action_table
                0x0011c0ec       0x6c /opt/devkitpro/devkitARM/bin/../lib/gcc/arm-none-eabi/15.1.0/../../../../arm-none-eabi/lib/armv6k/fpu/libg.a(libc_a-svfiprintf.o)
                0x0011c0ec                __action_table
 .rodata.__state_table
                0x0011c158       0x6c /opt/devkitpro/devkitARM/bin/../lib/gcc/arm-none-eabi/15.1.0/../../../../arm-none-eabi/lib/armv6k/fpu/libg.a(libc_a-svfiprintf.o)
                0x0011c158                __state_table
 .rodata.__chclass
                0x0011c1c4      0x100 /opt/devkitpro/devkitARM/bin/../lib/gcc/arm-none-eabi/15.1.0/../../../../arm-none-eabi/lib/armv6k/fpu/libg.a(libc_a-svfiprintf.o)
                0x0011c1c4                __chclass
 .rodata.__assert_func.str1.4
                0x0011c2c4       0x43 /opt/devkitpro/devkitARM/bin/../lib/gcc/arm-none-eabi/15.1.0/../../../../arm-none-eabi/lib/armv6k/fpu/libg.a(libc_a-assert.o)
 .rodata.__multadd.str1.4
                0x0011c2c4       0x57 /opt/devkitpro/devkitARM/bin/../lib/gcc/arm-none-eabi/15.1.0/../../../../arm-none-eabi/lib/armv6k/fpu/libg.a(libc_a-mprec.o)
 .rodata.p05.0  0x0011c2c4        0xc /opt/devkitpro/devkitARM/bin/../lib/gcc/arm-none-eabi/15.1.0/../../../../arm-none-eabi/lib/armv6k/fpu/libg.a(libc_a-mprec.o)
 .rodata.__mprec_bigtens
                0x0011c2d0       0x28 /opt/devkitpro/devkitARM/bin/../lib/gcc/arm-none-eabi/15.1.0/../../../../arm-none-eabi/lib/armv6k/fpu/libg.a(libc_a-mprec.o)
                0x0011c2d0                __mprec_bigtens
 .rodata.__mprec_tens
                0x0011c2f8       0xc8 /opt/devkitpro/devkitARM/bin/../lib/gcc/arm-none-eabi/15.1.0/../../../../arm-none-eabi/lib/armv6k/fpu/libg.a(libc_a-mprec.o)
                0x0011c2f8                __mprec_tens
 .rodata.str1.4
                0x0011c3c0       0x4c /opt/devkitpro/devkitARM/bin/../lib/gcc/arm-none-eabi/15.1.0/../../../../arm-none-eabi/lib/armv6k/fpu/libg.a(libc_a-locale.o)
 .rodata.get_arg
                0x0011c3c0       0x34 /opt/devkitpro/devkitARM/bin/../lib/gcc/arm-none-eabi/15.1.0/../../../../arm-none-eabi/lib/armv6k/fpu/libg.a(libc_a-vfiprintf.o)
 .rodata._vfiprintf_r.str1.1
                0x0011c3f4       0x29 /opt/devkitpro/devkitARM/bin/../lib/gcc/arm-none-eabi/15.1.0/../../../../arm-none-eabi/lib/armv6k/fpu/libg.a(libc_a-vfiprintf.o)
 .rodata._vfiprintf_r
                0x0011c3f4       0xb6 /opt/devkitpro/devkitARM/bin/../lib/gcc/arm-none-eabi/15.1.0/../../../../arm-none-eabi/lib/armv6k/fpu/libg.a(libc_a-vfiprintf.o)
 *fill*         0x0011c4aa        0x2 
 .rodata.zeroes.0
                0x0011c4ac       0x10 /opt/devkitpro/devkitARM/bin/../lib/gcc/arm-none-eabi/15.1.0/../../../../arm-none-eabi/lib/armv6k/fpu/libg.a(libc_a-vfiprintf.o)
 .rodata.blanks.1
                0x0011c4bc       0x10 /opt/devkitpro/devkitARM/bin/../lib/gcc/arm-none-eabi/15.1.0/../../../../arm-none-eabi/lib/armv6k/fpu/libg.a(libc_a-vfiprintf.o)
 .rodata.AddDevice.str1.4
                0x0011c4cc        0x8 /opt/devkitpro/devkitARM/bin/../lib/gcc/arm-none-eabi/15.1.0/../../../../arm-none-eabi/lib/armv6k/fpu/libsysbase.a(libsysbase_libsysbase_a-iosupport.o)
 .rodata.dotab_stdnull
                0x0011c4cc       0x80 /opt/devkitpro/devkitARM/bin/../lib/gcc/arm-none-eabi/15.1.0/../../../../arm-none-eabi/lib/armv6k/fpu/libsysbase.a(libsysbase_libsysbase_a-iosupport.o)
                0x0011c4cc                dotab_stdnull
 *all.rodata*(*)
 *(.gnu.linkonce.r*)
                0x0011c54c                        . = ALIGN (0x4)
                0x0011c54c                        __tdata_align = .
                0x0011c54c        0x4 LONG 0x4 ALIGNOF (.tdata)
                0x0011c550                        . = ALIGN (0x4)

.eh_frame       0x0011c550        0x0
 .eh_frame      0x0011c550        0x0 /opt/devkitpro/devkitARM/bin/../lib/gcc/arm-none-eabi/15.1.0/armv6k/fpu/crtbegin.o

.rel.dyn        0x0011c550        0x0
 .rel.iplt      0x0011c550        0x0 /opt/devkitpro/devkitARM/bin/../lib/gcc/arm-none-eabi/15.1.0/../../../../arm-none-eabi/lib/armv6k/fpu/3dsx_crt0.o
 .rel.got       0x0011c550        0x0 /opt/devkitpro/devkitARM/bin/../lib/gcc/arm-none-eabi/15.1.0/../../../../arm-none-eabi/lib/armv6k/fpu/3dsx_crt0.o

.ARM.extab
 *(.ARM.extab* .gnu.linkonce.armextab.*)
                0x0011c550                        __exidx_start = .

.ARM.exidx
 *(.ARM.exidx* .gnu.linkonce.armexidx.*)
                0x0011c550                        __exidx_end = .
                0x0011d000                        . = ALIGN (0x1000)

.data           0x0011d000     0x1c74
 *(.data)
 .data          0x0011d000        0x6 main.o
                0x0011d000                pc_ip
                0x0011d004                pc_port
 *(.data.*)
 .data.firstConsoleInit.0
                0x0011d006        0x1 /opt/devkitpro/libctru/lib/libctru.a(console.o)
 *fill*         0x0011d007        0x1 
 .data.currentConsole
                0x0011d008        0x4 /opt/devkitpro/libctru/lib/libctru.a(console.o)
                0x0011d008                currentConsole
 .data.defaultConsole
                0x0011d00c       0x48 /opt/devkitpro/libctru/lib/libctru.a(console.o)
                0x0011d00c                defaultConsole
 .data.aptChainloadDeliverArgSize
                0x0011d054        0x4 /opt/devkitpro/libctru/lib/libctru.a(apt.o)
 .data.kCount   0x0011d058        0x4 /opt/devkitpro/libctru/lib/libctru.a(hid.o)
 .data.kInterval
                0x0011d05c        0x4 /opt/devkitpro/libctru/lib/libctru.a(hid.o)
 .data.kDelay   0x0011d060        0x4 /opt/devkitpro/libctru/lib/libctru.a(hid.o)
 .data.soc_devoptab
                0x0011d064       0x80 /opt/devkitpro/libctru/lib/libctru.a(soc_init.o)
 .data.__stacksize__
                0x0011d0e4        0x4 /opt/devkitpro/libctru/lib/libctru.a(stack_adjust.o)
                0x0011d0e4                __stacksize__
 .data.__sglue  0x0011d0e8        0xc /opt/devkitpro/devkitARM/bin/../lib/gcc/arm-none-eabi/15.1.0/../../../../arm-none-eabi/lib/armv6k/fpu/libg.a(libc_a-findfp.o)
                0x0011d0e8                __sglue
 .data.__malloc_sbrk_base
                0x0011d0f4        0x4 /opt/devkitpro/devkitARM/bin/../lib/gcc/arm-none-eabi/15.1.0/../../../../arm-none-eabi/lib/armv6k/fpu/libg.a(libc_a-mallocr.o)
                0x0011d0f4                __malloc_sbrk_base
 .data.__malloc_trim_threshold
                0x0011d0f8        0x4 /opt/devkitpro/devkitARM/bin/../lib/gcc/arm-none-eabi/15.1.0/../../../../arm-none-eabi/lib/armv6k/fpu/libg.a(libc_a-mallocr.o)
                0x0011d0f8                __malloc_trim_threshold
 *fill*         0x0011d0fc        0x4 
 .data.__malloc_av_
                0x0011d100      0x408 /opt/devkitpro/devkitARM/bin/../lib/gcc/arm-none-eabi/15.1.0/../../../../arm-none-eabi/lib/armv6k/fpu/libg.a(libc_a-mallocr.o)
                0x0011d100                __malloc_av_
 .data._impure_ptr
                0x0011d508        0x4 /opt/devkitpro/devkitARM/bin/../lib/gcc/arm-none-eabi/15.1.0/../../../../arm-none-eabi/lib/armv6k/fpu/libg.a(libc_a-impure.o)
                0x0011d508                _impure_ptr
 *fill*         0x0011d50c        0x4 
 .data._impure_data
                0x0011d510      0x140 /opt/devkitpro/devkitARM/bin/../lib/gcc/arm-none-eabi/15.1.0/../../../../arm-none-eabi/lib/armv6k/fpu/libg.a(libc_a-impure.o)
                0x0011d510                _impure_data
 .data.__global_locale
                0x0011d650      0x16c /opt/devkitpro/devkitARM/bin/../lib/gcc/arm-none-eabi/15.1.0/../../../../arm-none-eabi/lib/armv6k/fpu/libg.a(libc_a-locale.o)
                0x0011d650                __global_locale
 .data._current_working_directory
                0x0011d7bc      0x400 /opt/devkitpro/devkitARM/bin/../lib/gcc/arm-none-eabi/15.1.0/../../../../arm-none-eabi/lib/armv6k/fpu/libsysbase.a(libsysbase_libsysbase_a-chdir.o)
 *fill*         0x0011dbbc        0x4 
 .data.handles  0x0011dbc0     0x1000 /opt/devkitpro/devkitARM/bin/../lib/gcc/arm-none-eabi/15.1.0/../../../../arm-none-eabi/lib/armv6k/fpu/libsysbase.a(libsysbase_libsysbase_a-handle_manager.o)
 .data.__stderr_handle
                0x0011ebc0        0xc /opt/devkitpro/devkitARM/bin/../lib/gcc/arm-none-eabi/15.1.0/../../../../arm-none-eabi/lib/armv6k/fpu/libsysbase.a(libsysbase_libsysbase_a-handle_manager.o)
 .data.__stdout_handle
                0x0011ebcc        0xc /opt/devkitpro/devkitARM/bin/../lib/gcc/arm-none-eabi/15.1.0/../../../../arm-none-eabi/lib/armv6k/fpu/libsysbase.a(libsysbase_libsysbase_a-handle_manager.o)
 .data.__stdin_handle
                0x0011ebd8        0xc /opt/devkitpro/devkitARM/bin/../lib/gcc/arm-none-eabi/15.1.0/../../../../arm-none-eabi/lib/armv6k/fpu/libsysbase.a(libsysbase_libsysbase_a-handle_manager.o)
 .data.devoptab_list
                0x0011ebe4       0x8c /opt/devkitpro/devkitARM/bin/../lib/gcc/arm-none-eabi/15.1.0/../../../../arm-none-eabi/lib/armv6k/fpu/libsysbase.a(libsysbase_libsysbase_a-iosupport.o)
                0x0011ebe4                devoptab_list
 .data.defaultDevice
                0x0011ec70        0x4 /opt/devkitpro/devkitARM/bin/../lib/gcc/arm-none-eabi/15.1.0/../../../../arm-none-eabi/lib/armv6k/fpu/libsysbase.a(libsysbase_libsysbase_a-iosupport.o)
 *(.gnu.linkonce.d*)
                0x0011ec74                        . = ALIGN (0x4)

.igot.plt       0x0011ec74        0x0
 .igot.plt      0x0011ec74        0x0 /opt/devkitpro/devkitARM/bin/../lib/gcc/arm-none-eabi/15.1.0/../../../../arm-none-eabi/lib/armv6k/fpu/3dsx_crt0.o

.got            0x0011ec74        0x8
 .got           0x0011ec74        0x8 /opt/devkitpro/devkitARM/bin/../lib/gcc/arm-none-eabi/15.1.0/../../../../arm-none-eabi/lib/armv6k/fpu/3dsx_crt0.o

.got.plt        0x0011ec7c        0xc
 .got.plt       0x0011ec7c        0xc /opt/devkitpro/devkitARM/bin/../lib/gcc/arm-none-eabi/15.1.0/../../../../arm-none-eabi/lib/armv6k/fpu/3dsx_crt0.o
                0x0011ec7c                _GLOBAL_OFFSET_TABLE_

.tdata          0x0011ec88        0x0
                0x0011ec88                        __tdata_lma = .
 *(.tdata)
 *(.tdata.*)
 *(.gnu.linkonce.td.*)
                0x0011ec88                        . = ALIGN (0x4)
                0x0011ec88                        __tdata_lma_end = .

.tbss           0x0011ec88      0xc08
 *(.tbss)
 *(.tbss.*)
 .tbss.__ctru_dev_utf16_buf
                0x0011ec88      0x802 /opt/devkitpro/libctru/lib/libctru.a(path_buf.o)
                0x0011ec88                __ctru_dev_utf16_buf
 *fill*         0x0011f48a        0x2 
 .tbss.__ctru_dev_path_buf
                0x0011f48c      0x401 /opt/devkitpro/libctru/lib/libctru.a(path_buf.o)
                0x0011f48c                __ctru_dev_path_buf
 *(.gnu.linkonce.tb.*)
 *(.tcommon)
                0x0011f890                        . = ALIGN (0x4)
 *fill*         0x0011f88d        0x3 

.preinit_array  0x0011ec88        0x0
                0x0011ec88                        PROVIDE (__preinit_array_start = .)
 *(.preinit_array)
                0x0011ec88                        PROVIDE (__preinit_array_end = .)

.init_array     0x0011ec88        0x4
                0x0011ec88                        PROVIDE (__init_array_start = .)
 *(SORT_BY_NAME(.init_array.*))
 *(.init_array)
 .init_array    0x0011ec88        0x4 /opt/devkitpro/devkitARM/bin/../lib/gcc/arm-none-eabi/15.1.0/armv6k/fpu/crtbegin.o
                0x0011ec8c                        PROVIDE (__init_array_end = .)

.fini_array     0x0011ec8c        0x4
                0x0011ec8c                        PROVIDE (__fini_array_start = .)
 *(.fini_array)
 .fini_array    0x0011ec8c        0x4 /opt/devkitpro/devkitARM/bin/../lib/gcc/arm-none-eabi/15.1.0/armv6k/fpu/crtbegin.o
 *(SORT_BY_NAME(.fini_array.*))
                0x0011ec90                        PROVIDE (__fini_array_end = .)

.ctors
 *crtbegin.o(.ctors)
 *(EXCLUDE_FILE(*crtend.o) .ctors)
 *(SORT_BY_NAME(.ctors.*))
 *(.ctors)

.dtors
 *crtbegin.o(.dtors)
 *(EXCLUDE_FILE(*crtend.o) .dtors)
 *(SORT_BY_NAME(.dtors.*))
 *(.dtors)
                0x0011ec90                        __bss_start__ = .

.bss            0x0011ec90     0xd734
 *(.dynbss)
 *(.bss)
 .bss           0x0011ec90     0xa904 main.o
                0x0011ec90                pc_addr
                0x0011eca0                soc_buffer
 *(.bss.*)
 .bss.completed.1
                0x00129594        0x1 /opt/devkitpro/devkitARM/bin/../lib/gcc/arm-none-eabi/15.1.0/armv6k/fpu/crtbegin.o
 *fill*         0x00129595        0x3 
 .bss.object.0  0x00129598       0x18 /opt/devkitpro/devkitARM/bin/../lib/gcc/arm-none-eabi/15.1.0/armv6k/fpu/crtbegin.o
 .bss.escapeSeq
                0x001295b0       0x1c /opt/devkitpro/libctru/lib/libctru.a(console.o)
 .bss.currentCopy
                0x001295cc       0x48 /opt/devkitpro/libctru/lib/libctru.a(console.o)
                0x001295cc                currentCopy
 .bss.screenAlloc
                0x00129614        0x4 /opt/devkitpro/libctru/lib/libctru.a(gfx.o)
 .bss.screenFree
                0x00129618        0x4 /opt/devkitpro/libctru/lib/libctru.a(gfx.o)
 .bss.gfxIsDoubleBuf
                0x0012961c        0x2 /opt/devkitpro/libctru/lib/libctru.a(gfx.o)
 *fill*         0x0012961e        0x2 
 .bss.gfxCurBuf
                0x00129620        0x2 /opt/devkitpro/libctru/lib/libctru.a(gfx.o)
 .bss.gfxIsVram
                0x00129622        0x1 /opt/devkitpro/libctru/lib/libctru.a(gfx.o)
 .bss.gfxTopMode
                0x00129623        0x1 /opt/devkitpro/libctru/lib/libctru.a(gfx.o)
 .bss.gfxFramebufferFormats
                0x00129624        0x2 /opt/devkitpro/libctru/lib/libctru.a(gfx.o)
 *fill*         0x00129626        0x2 
 .bss.gfxBottomFramebufferMaxSize
                0x00129628        0x4 /opt/devkitpro/libctru/lib/libctru.a(gfx.o)
 .bss.gfxTopFramebufferMaxSize
                0x0012962c        0x4 /opt/devkitpro/libctru/lib/libctru.a(gfx.o)
 .bss.gfxBottomFramebuffers
                0x00129630        0x8 /opt/devkitpro/libctru/lib/libctru.a(gfx.o)
 .bss.gfxTopFramebuffers
                0x00129638        0x8 /opt/devkitpro/libctru/lib/libctru.a(gfx.o)
 .bss.flagValue.0
                0x00129640        0x1 /opt/devkitpro/libctru/lib/libctru.a(apt.o)
 .bss.flagInit.1
                0x00129641        0x1 /opt/devkitpro/libctru/lib/libctru.a(apt.o)
 *fill*         0x00129642        0x2 
 .bss.serviceName.6
                0x00129644        0x4 /opt/devkitpro/libctru/lib/libctru.a(apt.o)
 .bss.aptChainloadFlags
                0x00129648        0x1 /opt/devkitpro/libctru/lib/libctru.a(apt.o)
 .bss.aptChainloadMediatype
                0x00129649        0x1 /opt/devkitpro/libctru/lib/libctru.a(apt.o)
 *fill*         0x0012964a        0x2 
 .bss.aptChainloadHmac
                0x0012964c       0x20 /opt/devkitpro/libctru/lib/libctru.a(apt.o)
 .bss.aptChainloadDeliverArg
                0x0012966c      0x300 /opt/devkitpro/libctru/lib/libctru.a(apt.o)
 *fill*         0x0012996c        0x4 
 .bss.aptChainloadTid
                0x00129970        0x8 /opt/devkitpro/libctru/lib/libctru.a(apt.o)
 .bss.aptParameters
                0x00129978     0x1000 /opt/devkitpro/libctru/lib/libctru.a(apt.o)
 .bss.aptFlags  0x0012a978        0x4 /opt/devkitpro/libctru/lib/libctru.a(apt.o)
 .bss.aptHomeButtonState
                0x0012a97c        0x1 /opt/devkitpro/libctru/lib/libctru.a(apt.o)
 *fill*         0x0012a97d        0x3 
 .bss.aptMessageFuncData
                0x0012a980        0x4 /opt/devkitpro/libctru/lib/libctru.a(apt.o)
 .bss.aptMessageFunc
                0x0012a984        0x4 /opt/devkitpro/libctru/lib/libctru.a(apt.o)
 .bss.aptFirstHook
                0x0012a988        0xc /opt/devkitpro/libctru/lib/libctru.a(apt.o)
 .bss.aptEventHandlerThreadQuit
                0x0012a994        0x1 /opt/devkitpro/libctru/lib/libctru.a(apt.o)
 *fill*         0x0012a995        0x3 
 .bss.aptEventHandlerThread
                0x0012a998        0x4 /opt/devkitpro/libctru/lib/libctru.a(apt.o)
 .bss.aptSleepEvent